Archive member included to satisfy reference by file (symbol)

c:/progra~2/armgnu~1/12977f~1.2mp/bin/../lib/gcc/arm-none-eabi/12.2.1/thumb/v6-m/nofp\libgcc.a(_dvmd_tls.o)
                              CMakeFiles/pwm_irq_uart.dir/C_/Users/taekg/OneDrive/Documents/Pico-v1.5.0/pico-sdk/src/rp2_common/pico_divider/divider.S.obj (__aeabi_idiv0)
c:/progra~2/armgnu~1/12977f~1.2mp/bin/../lib/gcc/arm-none-eabi/12.2.1/thumb/v6-m/nofp\libg.a(libc_a-calloc.o)
                              CMakeFiles/pwm_irq_uart.dir/C_/Users/taekg/OneDrive/Documents/Pico-v1.5.0/pico-sdk/src/rp2_common/pico_malloc/pico_malloc.c.obj (calloc)
c:/progra~2/armgnu~1/12977f~1.2mp/bin/../lib/gcc/arm-none-eabi/12.2.1/thumb/v6-m/nofp\libg.a(libc_a-callocr.o)
                              c:/progra~2/armgnu~1/12977f~1.2mp/bin/../lib/gcc/arm-none-eabi/12.2.1/thumb/v6-m/nofp\libg.a(libc_a-calloc.o) (_calloc_r)
c:/progra~2/armgnu~1/12977f~1.2mp/bin/../lib/gcc/arm-none-eabi/12.2.1/thumb/v6-m/nofp\libg.a(libc_a-malloc.o)
                              CMakeFiles/pwm_irq_uart.dir/C_/Users/taekg/OneDrive/Documents/Pico-v1.5.0/pico-sdk/src/rp2_common/pico_malloc/pico_malloc.c.obj (malloc)
c:/progra~2/armgnu~1/12977f~1.2mp/bin/../lib/gcc/arm-none-eabi/12.2.1/thumb/v6-m/nofp\libg.a(libc_a-mallocr.o)
                              c:/progra~2/armgnu~1/12977f~1.2mp/bin/../lib/gcc/arm-none-eabi/12.2.1/thumb/v6-m/nofp\libg.a(libc_a-callocr.o) (_malloc_r)
c:/progra~2/armgnu~1/12977f~1.2mp/bin/../lib/gcc/arm-none-eabi/12.2.1/thumb/v6-m/nofp\libg.a(libc_a-mlock.o)
                              c:/progra~2/armgnu~1/12977f~1.2mp/bin/../lib/gcc/arm-none-eabi/12.2.1/thumb/v6-m/nofp\libg.a(libc_a-mallocr.o) (__malloc_lock)
c:/progra~2/armgnu~1/12977f~1.2mp/bin/../lib/gcc/arm-none-eabi/12.2.1/thumb/v6-m/nofp\libg.a(libc_a-realloc.o)
                              CMakeFiles/pwm_irq_uart.dir/C_/Users/taekg/OneDrive/Documents/Pico-v1.5.0/pico-sdk/src/rp2_common/pico_malloc/pico_malloc.c.obj (realloc)
c:/progra~2/armgnu~1/12977f~1.2mp/bin/../lib/gcc/arm-none-eabi/12.2.1/thumb/v6-m/nofp\libg.a(libc_a-reallocr.o)
                              c:/progra~2/armgnu~1/12977f~1.2mp/bin/../lib/gcc/arm-none-eabi/12.2.1/thumb/v6-m/nofp\libg.a(libc_a-realloc.o) (_realloc_r)
c:/progra~2/armgnu~1/12977f~1.2mp/bin/../lib/gcc/arm-none-eabi/12.2.1/thumb/v6-m/nofp\libg.a(libc_a-memmove.o)
                              c:/progra~2/armgnu~1/12977f~1.2mp/bin/../lib/gcc/arm-none-eabi/12.2.1/thumb/v6-m/nofp\libg.a(libc_a-reallocr.o) (memmove)
c:/progra~2/armgnu~1/12977f~1.2mp/bin/../lib/gcc/arm-none-eabi/12.2.1/thumb/v6-m/nofp\libg.a(libc_a-impure.o)
                              c:/progra~2/armgnu~1/12977f~1.2mp/bin/../lib/gcc/arm-none-eabi/12.2.1/thumb/v6-m/nofp\libg.a(libc_a-calloc.o) (_impure_ptr)
c:/progra~2/armgnu~1/12977f~1.2mp/bin/../lib/gcc/arm-none-eabi/12.2.1/thumb/v6-m/nofp\libg.a(libc_a-sbrkr.o)
                              c:/progra~2/armgnu~1/12977f~1.2mp/bin/../lib/gcc/arm-none-eabi/12.2.1/thumb/v6-m/nofp\libg.a(libc_a-mallocr.o) (_sbrk_r)
c:/progra~2/armgnu~1/12977f~1.2mp/bin/../lib/gcc/arm-none-eabi/12.2.1/thumb/v6-m/nofp\libg.a(libc_a-errno.o)
                              c:/progra~2/armgnu~1/12977f~1.2mp/bin/../lib/gcc/arm-none-eabi/12.2.1/thumb/v6-m/nofp\libg.a(libc_a-callocr.o) (__errno)
c:/progra~2/armgnu~1/12977f~1.2mp/bin/../lib/gcc/arm-none-eabi/12.2.1/thumb/v6-m/nofp\libg.a(libc_a-init.o)
                              c:/progra~2/armgnu~1/12977f~1.2mp/bin/../lib/gcc/arm-none-eabi/12.2.1/thumb/v6-m/nofp/crt0.o (__libc_init_array)
c:/progra~2/armgnu~1/12977f~1.2mp/bin/../lib/gcc/arm-none-eabi/12.2.1/thumb/v6-m/nofp\libg.a(libc_a-lock.o)
                              c:/progra~2/armgnu~1/12977f~1.2mp/bin/../lib/gcc/arm-none-eabi/12.2.1/thumb/v6-m/nofp\libg.a(libc_a-mlock.o) (__retarget_lock_acquire_recursive)
c:/progra~2/armgnu~1/12977f~1.2mp/bin/../lib/gcc/arm-none-eabi/12.2.1/thumb/v6-m/nofp\libg.a(libc_a-sysconf.o)
                              c:/progra~2/armgnu~1/12977f~1.2mp/bin/../lib/gcc/arm-none-eabi/12.2.1/thumb/v6-m/nofp\libg.a(libc_a-mallocr.o) (sysconf)
c:/progra~2/armgnu~1/12977f~1.2mp/bin/../lib/gcc/arm-none-eabi/12.2.1/thumb/v6-m/nofp\libg.a(libc_a-strlen-stub.o)
                              CMakeFiles/pwm_irq_uart.dir/C_/Users/taekg/OneDrive/Documents/Pico-v1.5.0/pico-sdk/src/rp2_common/pico_stdio/stdio.c.obj (strlen)
c:/progra~2/armgnu~1/12977f~1.2mp/bin/../lib/gcc/arm-none-eabi/12.2.1/thumb/v6-m/nofp\libg.a(libc_a-freer.o)
                              c:/progra~2/armgnu~1/12977f~1.2mp/bin/../lib/gcc/arm-none-eabi/12.2.1/thumb/v6-m/nofp\libg.a(libc_a-malloc.o) (_free_r)
c:/progra~2/armgnu~1/12977f~1.2mp/bin/../lib/gcc/arm-none-eabi/12.2.1/thumb/v6-m/nofp\libg.a(libc_a-findfp.o)
                              c:/progra~2/armgnu~1/12977f~1.2mp/bin/../lib/gcc/arm-none-eabi/12.2.1/thumb/v6-m/nofp\libg.a(libc_a-impure.o) (__sf)
c:/progra~2/armgnu~1/12977f~1.2mp/bin/../lib/gcc/arm-none-eabi/12.2.1/thumb/v6-m/nofp\libg.a(libc_a-fwalk.o)
[...]
Memory Configuration

Name             Origin             Length             Attributes
FLASH            0x10000000         0x00200000         xr
RAM              0x20000000         0x00040000         xrw
SCRATCH_X        0x20040000         0x00001000         xrw
SCRATCH_Y        0x20041000         0x00001000         xrw
*default*        0x00000000         0xffffffff

Linker script and memory map

LOAD c:/progra~2/armgnu~1/12977f~1.2mp/bin/../lib/gcc/arm-none-eabi/12.2.1/thumb/v6-m/nofp/crti.o
LOAD c:/progra~2/armgnu~1/12977f~1.2mp/bin/../lib/gcc/arm-none-eabi/12.2.1/thumb/v6-m/nofp/crtbegin.o
LOAD c:/progra~2/armgnu~1/12977f~1.2mp/bin/../lib/gcc/arm-none-eabi/12.2.1/thumb/v6-m/nofp/crt0.o

.flash_begin    0x10000000        0x0
                0x10000000                        __flash_binary_start = .

.boot2          0x10000000      0x100
                0x10000000                        __boot2_start__ = .
 *(.boot2)
 .boot2         0x10000000      0x100 C:\Users\taekg\AppData\Local\Temp\ccWiHaCm.o
                0x10000100                        __boot2_end__ = .
                0x00000001                        ASSERT (((__boot2_end__ - __boot2_start__) == 0x100), ERROR: Pico second stage bootloader must be 256 bytes in size)

.text           0x10000100     0x72b8
                0x10000100                        __logical_binary_start = .
 *(.vectors)
 .vectors       0x10000100       0xd4 CMakeFiles/pwm_irq_uart.dir/C_/Users/taekg/OneDrive/Documents/Pico-v1.5.0/pico-sdk/src/rp2_common/pico_standard_link/crt0.S.obj
                0x10000100                __VECTOR_TABLE
                0x10000100                __vectors
                0x100001c0                isr_invalid
                0x100001c0                __default_isrs_start
                0x100001c2                isr_nmi
                0x100001c4                isr_hardfault
                0x100001c6                isr_svcall
                0x100001c8                isr_pendsv
                0x100001ca                isr_systick
                0x100001cc                isr_irq23
                0x100001cc                isr_irq18
                0x100001cc                isr_irq11
                0x100001cc                isr_irq28
                0x100001cc                isr_irq19
                0x100001cc                isr_irq0
                0x100001cc                isr_irq6
                0x100001cc                isr_irq5
                0x100001cc                isr_irq12
                0x100001cc                isr_irq22
                0x100001cc                isr_irq31
                0x100001cc                isr_irq17
                0x100001cc                isr_irq27
                0x100001cc                isr_irq30
                0x100001cc                isr_irq2
                0x100001cc                isr_irq10
                0x100001cc                isr_irq8
                0x100001cc                isr_irq24
                0x100001cc                isr_irq1
                0x100001cc                isr_irq7
                0x100001cc                isr_irq21
                0x100001cc                isr_irq20
                0x100001cc                isr_irq15
                0x100001cc                isr_irq25
                0x100001cc                isr_irq13
                0x100001cc                __unhandled_user_irq
                0x100001cc                isr_irq4
                0x100001cc                isr_irq16
                0x100001cc                isr_irq29
                0x100001cc                isr_irq26
                0x100001cc                __default_isrs_end
                0x100001cc                isr_irq3
                0x100001cc                isr_irq14
                0x100001cc                isr_irq9
                0x100001d2                unhandled_user_irq_num_in_r0
 *(.binary_info_header)
 .binary_info_header
                0x100001d4       0x14 CMakeFiles/pwm_irq_uart.dir/C_/Users/taekg/OneDrive/Documents/Pico-v1.5.0/pico-sdk/src/rp2_common/pico_standard_link/crt0.S.obj
                0x100001e8                        __binary_info_header_end = .
 *(.reset)
 .reset         0x100001e8       0xa0 CMakeFiles/pwm_irq_uart.dir/C_/Users/taekg/OneDrive/Documents/Pico-v1.5.0/pico-sdk/src/rp2_common/pico_standard_link/crt0.S.obj
                0x100001e8                _entry_point
 .reset         0x10000288       0x30 CMakeFiles/pwm_irq_uart.dir/C_/Users/taekg/OneDrive/Documents/Pico-v1.5.0/pico-sdk/src/rp2_common/pico_standard_link/binary_info.c.obj
 *(.init)
 .init          0x100002b8        0x4 c:/progra~2/armgnu~1/12977f~1.2mp/bin/../lib/gcc/arm-none-eabi/12.2.1/thumb/v6-m/nofp/crti.o
                0x100002b8                _init
 *(EXCLUDE_FILE(*libm.a: *libc.a:*lib_a-mem*.o *libgcc.a:) .text*)
 .text.register_tm_clones
                0x100002bc       0x28 c:/progra~2/armgnu~1/12977f~1.2mp/bin/../lib/gcc/arm-none-eabi/12.2.1/thumb/v6-m/nofp/crtbegin.o
 .text.frame_dummy
                0x100002e4       0x24 c:/progra~2/armgnu~1/12977f~1.2mp/bin/../lib/gcc/arm-none-eabi/12.2.1/thumb/v6-m/nofp/crtbegin.o
 .text.uart_putc
                0x10000308       0x60 CMakeFiles/pwm_irq_uart.dir/pwm_irq_uart.c.obj
 .text.uart_puts
                0x10000368       0x4a CMakeFiles/pwm_irq_uart.dir/pwm_irq_uart.c.obj
 *fill*         0x100003b2        0x2 
 .text.pwm_set_chan_level
                0x100003b4       0x40 CMakeFiles/pwm_irq_uart.dir/pwm_irq_uart.c.obj
 .text.on_pwm_wrap
                0x100003f4       0x7c CMakeFiles/pwm_irq_uart.dir/pwm_irq_uart.c.obj
                0x100003f4                on_pwm_wrap
 .text.pwm_set_freq_duty
                0x10000470       0x88 CMakeFiles/pwm_irq_uart.dir/pwm_irq_uart.c.obj
                0x10000470                pwm_set_freq_duty
 .text.delay    0x100004f8       0x14 CMakeFiles/pwm_irq_uart.dir/pwm_irq_uart.c.obj
                0x100004f8                delay
 .text.flash    0x1000050c       0x2a CMakeFiles/pwm_irq_uart.dir/pwm_irq_uart.c.obj
                0x1000050c                flash
 *fill*         0x10000536        0x2 
 .text.main     0x10000538      0x18c CMakeFiles/pwm_irq_uart.dir/pwm_irq_uart.c.obj
                0x10000538                main
 .text.gpio_set_function
                0x100006c4       0x30 CMakeFiles/pwm_irq_uart.dir/C_/Users/taekg/OneDrive/Documents/Pico-v1.5.0/pico-sdk/src/rp2_common/hardware_gpio/gpio.c.obj
                0x100006c4                gpio_set_function
 .text.gpio_init
                0x100006f4       0x16 CMakeFiles/pwm_irq_uart.dir/C_/Users/taekg/OneDrive/Documents/Pico-v1.5.0/pico-sdk/src/rp2_common/hardware_gpio/gpio.c.obj
                0x100006f4                gpio_init
 *fill*         0x1000070a        0x2 
 .text.running_on_fpga
                0x1000070c       0x14 CMakeFiles/pwm_irq_uart.dir/C_/Users/taekg/OneDrive/Documents/Pico-v1.5.0/pico-sdk/src/rp2_common/pico_platform/platform.c.obj
                0x1000070c                running_on_fpga
 .text.hw_claim_lock
                0x10000720       0x18 CMakeFiles/pwm_irq_uart.dir/C_/Users/taekg/OneDrive/Documents/Pico-v1.5.0/pico-sdk/src/rp2_common/hardware_claim/claim.c.obj
                0x10000720                hw_claim_lock
 .text.hw_claim_unlock
                0x10000738       0x14 CMakeFiles/pwm_irq_uart.dir/C_/Users/taekg/OneDrive/Documents/Pico-v1.5.0/pico-sdk/src/rp2_common/hardware_claim/claim.c.obj
                0x10000738                hw_claim_unlock
 .text.hw_claim_or_assert
                0x1000074c       0x32 CMakeFiles/pwm_irq_uart.dir/C_/Users/taekg/OneDrive/Documents/Pico-v1.5.0/pico-sdk/src/rp2_common/hardware_claim/claim.c.obj
                0x1000074c                hw_claim_or_assert
 .text.hw_claim_unused_from_range
                0x1000077e       0x50 CMakeFiles/pwm_irq_uart.dir/C_/Users/taekg/OneDrive/Documents/Pico-v1.5.0/pico-sdk/src/rp2_common/hardware_claim/claim.c.obj
                0x1000077e                hw_claim_unused_from_range
 *fill*         0x100007ce        0x2 
 .text.spin_locks_reset
                0x100007d0       0x20 CMakeFiles/pwm_irq_uart.dir/C_/Users/taekg/OneDrive/Documents/Pico-v1.5.0/pico-sdk/src/rp2_common/hardware_sync/sync.c.obj
                0x100007d0                spin_locks_reset
 .text.next_striped_spin_lock_num
                0x100007f0       0x1c CMakeFiles/pwm_irq_uart.dir/C_/Users/taekg/OneDrive/Documents/Pico-v1.5.0/pico-sdk/src/rp2_common/hardware_sync/sync.c.obj
                0x100007f0                next_striped_spin_lock_num
 .text.spin_lock_claim_unused
                0x1000080c       0x24 CMakeFiles/pwm_irq_uart.dir/C_/Users/taekg/OneDrive/Documents/Pico-v1.5.0/pico-sdk/src/rp2_common/hardware_sync/sync.c.obj
                0x1000080c                spin_lock_claim_unused
 .text.set_raw_irq_handler_and_unlock
                0x10000830       0x28 CMakeFiles/pwm_irq_uart.dir/C_/Users/taekg/OneDrive/Documents/Pico-v1.5.0/pico-sdk/src/rp2_common/hardware_irq/irq.c.obj
 .text.resolve_branch
                0x10000858       0x30 CMakeFiles/pwm_irq_uart.dir/C_/Users/taekg/OneDrive/Documents/Pico-v1.5.0/pico-sdk/src/rp2_common/hardware_irq/irq.c.obj
 .text.make_branch
                0x10000888       0x48 CMakeFiles/pwm_irq_uart.dir/C_/Users/taekg/OneDrive/Documents/Pico-v1.5.0/pico-sdk/src/rp2_common/hardware_irq/irq.c.obj
 .text.insert_branch_and_link
                0x100008d0       0x40 CMakeFiles/pwm_irq_uart.dir/C_/Users/taekg/OneDrive/Documents/Pico-v1.5.0/pico-sdk/src/rp2_common/hardware_irq/irq.c.obj
 .text.irq_is_enabled
                0x10000910       0x18 CMakeFiles/pwm_irq_uart.dir/C_/Users/taekg/OneDrive/Documents/Pico-v1.5.0/pico-sdk/src/rp2_common/hardware_irq/irq.c.obj
                0x10000910                irq_is_enabled
 .text.irq_set_mask_enabled
                0x10000928       0x20 CMakeFiles/pwm_irq_uart.dir/C_/Users/taekg/OneDrive/Documents/Pico-v1.5.0/pico-sdk/src/rp2_common/hardware_irq/irq.c.obj
                0x10000928                irq_set_mask_enabled
 .text.irq_set_enabled
                0x10000948        0xe CMakeFiles/pwm_irq_uart.dir/C_/Users/taekg/OneDrive/Documents/Pico-v1.5.0/pico-sdk/src/rp2_common/hardware_irq/irq.c.obj
                0x10000948                irq_set_enabled
 *fill*         0x10000956        0x2 
 .text.irq_set_pending
                0x10000958       0x10 CMakeFiles/pwm_irq_uart.dir/C_/Users/taekg/OneDrive/Documents/Pico-v1.5.0/pico-sdk/src/rp2_common/hardware_irq/irq.c.obj
                0x10000958                irq_set_pending
 .text.irq_get_vtable_handler
                0x10000968       0x10 CMakeFiles/pwm_irq_uart.dir/C_/Users/taekg/OneDrive/Documents/Pico-v1.5.0/pico-sdk/src/rp2_common/hardware_irq/irq.c.obj
                0x10000968                irq_get_vtable_handler
 .text.irq_has_shared_handler
                0x10000978       0x24 CMakeFiles/pwm_irq_uart.dir/C_/Users/taekg/OneDrive/Documents/Pico-v1.5.0/pico-sdk/src/rp2_common/hardware_irq/irq.c.obj
                0x10000978                irq_has_shared_handler
 .text.irq_set_exclusive_handler
                0x1000099c       0x54 CMakeFiles/pwm_irq_uart.dir/C_/Users/taekg/OneDrive/Documents/Pico-v1.5.0/pico-sdk/src/rp2_common/hardware_irq/irq.c.obj
                0x1000099c                irq_set_exclusive_handler
 .text.irq_add_shared_handler
                0x100009f0      0x210 CMakeFiles/pwm_irq_uart.dir/C_/Users/taekg/OneDrive/Documents/Pico-v1.5.0/pico-sdk/src/rp2_common/hardware_irq/irq.c.obj
                0x100009f0                irq_add_shared_handler
 .text.irq_remove_handler
                0x10000c00      0x188 CMakeFiles/pwm_irq_uart.dir/C_/Users/taekg/OneDrive/Documents/Pico-v1.5.0/pico-sdk/src/rp2_common/hardware_irq/irq.c.obj
                0x10000c00                irq_remove_handler
 .text.irq_add_tail_to_free_list
                0x10000d88       0xf0 CMakeFiles/pwm_irq_uart.dir/C_/Users/taekg/OneDrive/Documents/Pico-v1.5.0/pico-sdk/src/rp2_common/hardware_irq/irq.c.obj
                0x10000d88                irq_add_tail_to_free_list
 .text.irq_init_priorities
                0x10000e78       0x1c CMakeFiles/pwm_irq_uart.dir/C_/Users/taekg/OneDrive/Documents/Pico-v1.5.0/pico-sdk/src/rp2_common/hardware_irq/irq.c.obj
                0x10000e78                irq_init_priorities
 .text.user_irq_claim_unused
                0x10000e94       0x2c CMakeFiles/pwm_irq_uart.dir/C_/Users/taekg/OneDrive/Documents/Pico-v1.5.0/pico-sdk/src/rp2_common/hardware_irq/irq.c.obj
                0x10000e94                user_irq_claim_unused
 .text.lock_init
                0x10000ec0       0x10 CMakeFiles/pwm_irq_uart.dir/C_/Users/taekg/OneDrive/Documents/Pico-v1.5.0/pico-sdk/src/common/pico_sync/lock_core.c.obj
                0x10000ec0                lock_init
 .text.update_us_since_boot
                0x10000ed0       0x24 CMakeFiles/pwm_irq_uart.dir/C_/Users/taekg/OneDrive/Documents/Pico-v1.5.0/pico-sdk/src/common/pico_sync/mutex.c.obj
 .text.delayed_by_ms
                0x10000ef4       0x44 CMakeFiles/pwm_irq_uart.dir/C_/Users/taekg/OneDrive/Documents/Pico-v1.5.0/pico-sdk/src/common/pico_sync/mutex.c.obj
 .text.get_absolute_time
                0x10000f38       0x22 CMakeFiles/pwm_irq_uart.dir/C_/Users/taekg/OneDrive/Documents/Pico-v1.5.0/pico-sdk/src/common/pico_sync/mutex.c.obj
 .text.make_timeout_time_ms
                0x10000f5a       0x20 CMakeFiles/pwm_irq_uart.dir/C_/Users/taekg/OneDrive/Documents/Pico-v1.5.0/pico-sdk/src/common/pico_sync/mutex.c.obj
 .text.mutex_init
                0x10000f7a       0x1a CMakeFiles/pwm_irq_uart.dir/C_/Users/taekg/OneDrive/Documents/Pico-v1.5.0/pico-sdk/src/common/pico_sync/mutex.c.obj
                0x10000f7a                mutex_init
 .text.recursive_mutex_init
                0x10000f94       0x1e CMakeFiles/pwm_irq_uart.dir/C_/Users/taekg/OneDrive/Documents/Pico-v1.5.0/pico-sdk/src/common/pico_sync/mutex.c.obj
                0x10000f94                recursive_mutex_init
 *fill*         0x10000fb2        0x2 
 .text.critical_section_init_with_lock_num
                0x10000fb4       0x14 CMakeFiles/pwm_irq_uart.dir/C_/Users/taekg/OneDrive/Documents/Pico-v1.5.0/pico-sdk/src/common/pico_sync/critical_section.c.obj
                0x10000fb4                critical_section_init_with_lock_num
 .text.critical_section_init
                0x10000fc8       0x14 CMakeFiles/pwm_irq_uart.dir/C_/Users/taekg/OneDrive/Documents/Pico-v1.5.0/pico-sdk/src/common/pico_sync/critical_section.c.obj
                0x10000fc8                critical_section_init
 .text.time_reached
                0x10000fdc       0x28 CMakeFiles/pwm_irq_uart.dir/C_/Users/taekg/OneDrive/Documents/Pico-v1.5.0/pico-sdk/src/common/pico_time/time.c.obj
 .text.get_entry
                0x10001004       0x38 CMakeFiles/pwm_irq_uart.dir/C_/Users/taekg/OneDrive/Documents/Pico-v1.5.0/pico-sdk/src/common/pico_time/time.c.obj
 .text.timer_pool_entry_comparator
                0x1000103c       0x2e CMakeFiles/pwm_irq_uart.dir/C_/Users/taekg/OneDrive/Documents/Pico-v1.5.0/pico-sdk/src/common/pico_time/time.c.obj
                0x1000103c                timer_pool_entry_comparator
 *fill*         0x1000106a        0x2 
 .text.update_us_since_boot
                0x1000106c       0x24 CMakeFiles/pwm_irq_uart.dir/C_/Users/taekg/OneDrive/Documents/Pico-v1.5.0/pico-sdk/src/common/pico_time/time.c.obj
 .text.delayed_by_us
                0x10001090       0x34 CMakeFiles/pwm_irq_uart.dir/C_/Users/taekg/OneDrive/Documents/Pico-v1.5.0/pico-sdk/src/common/pico_time/time.c.obj
 .text.ph_get_node
                0x100010c4       0x30 CMakeFiles/pwm_irq_uart.dir/C_/Users/taekg/OneDrive/Documents/Pico-v1.5.0/pico-sdk/src/common/pico_time/time.c.obj
 .text.ph_contains_node
                0x100010f4       0x1e CMakeFiles/pwm_irq_uart.dir/C_/Users/taekg/OneDrive/Documents/Pico-v1.5.0/pico-sdk/src/common/pico_time/time.c.obj
 .text.ph_new_node
                0x10001112       0x28 CMakeFiles/pwm_irq_uart.dir/C_/Users/taekg/OneDrive/Documents/Pico-v1.5.0/pico-sdk/src/common/pico_time/time.c.obj
 *fill*         0x1000113a        0x2 
 .text.ph_add_child_node
                0x1000113c       0x6c CMakeFiles/pwm_irq_uart.dir/C_/Users/taekg/OneDrive/Documents/Pico-v1.5.0/pico-sdk/src/common/pico_time/time.c.obj
 .text.ph_merge_nodes
                0x100011a8       0x3e CMakeFiles/pwm_irq_uart.dir/C_/Users/taekg/OneDrive/Documents/Pico-v1.5.0/pico-sdk/src/common/pico_time/time.c.obj
 *fill*         0x100011e6        0x2 
 .text.ph_insert_node
                0x100011e8       0x3c CMakeFiles/pwm_irq_uart.dir/C_/Users/taekg/OneDrive/Documents/Pico-v1.5.0/pico-sdk/src/common/pico_time/time.c.obj
 .text.ph_free_node
                0x10001224       0x5c CMakeFiles/pwm_irq_uart.dir/C_/Users/taekg/OneDrive/Documents/Pico-v1.5.0/pico-sdk/src/common/pico_time/time.c.obj
 .text.get_entry_id_high
                0x10001280       0x30 CMakeFiles/pwm_irq_uart.dir/C_/Users/taekg/OneDrive/Documents/Pico-v1.5.0/pico-sdk/src/common/pico_time/time.c.obj
 .text.alarm_pool_post_alloc_init
                0x100012b0       0x40 CMakeFiles/pwm_irq_uart.dir/C_/Users/taekg/OneDrive/Documents/Pico-v1.5.0/pico-sdk/src/common/pico_time/time.c.obj
 .text.sleep_until_callback
                0x100012f0       0x30 CMakeFiles/pwm_irq_uart.dir/C_/Users/taekg/OneDrive/Documents/Pico-v1.5.0/pico-sdk/src/common/pico_time/time.c.obj
 .text.get_absolute_time
                0x10001320       0x22 CMakeFiles/pwm_irq_uart.dir/C_/Users/taekg/OneDrive/Documents/Pico-v1.5.0/pico-sdk/src/common/pico_time/time.c.obj
 *fill*         0x10001342        0x2 
 .text.add_alarm_under_lock
                0x10001344       0x94 CMakeFiles/pwm_irq_uart.dir/C_/Users/taekg/OneDrive/Documents/Pico-v1.5.0/pico-sdk/src/common/pico_time/time.c.obj
 .text.alarm_pool_alarm_callback
                0x100013d8      0x20c CMakeFiles/pwm_irq_uart.dir/C_/Users/taekg/OneDrive/Documents/Pico-v1.5.0/pico-sdk/src/common/pico_time/time.c.obj
 .text.alarm_pool_init_default
                0x100015e4       0x40 CMakeFiles/pwm_irq_uart.dir/C_/Users/taekg/OneDrive/Documents/Pico-v1.5.0/pico-sdk/src/common/pico_time/time.c.obj
                0x100015e4                alarm_pool_init_default
 .text.alarm_pool_get_default
                0x10001624       0x2c CMakeFiles/pwm_irq_uart.dir/C_/Users/taekg/OneDrive/Documents/Pico-v1.5.0/pico-sdk/src/common/pico_time/time.c.obj
                0x10001624                alarm_pool_get_default
 .text.alarm_pool_add_alarm_at
                0x10001650      0x10e CMakeFiles/pwm_irq_uart.dir/C_/Users/taekg/OneDrive/Documents/Pico-v1.5.0/pico-sdk/src/common/pico_time/time.c.obj
                0x10001650                alarm_pool_add_alarm_at
 .text.add_alarm_at
                0x1000175e       0x2e CMakeFiles/pwm_irq_uart.dir/C_/Users/taekg/OneDrive/Documents/Pico-v1.5.0/pico-sdk/src/common/pico_time/time.c.obj
 .text.alarm_pool_cancel_alarm
                0x1000178c       0xa0 CMakeFiles/pwm_irq_uart.dir/C_/Users/taekg/OneDrive/Documents/Pico-v1.5.0/pico-sdk/src/common/pico_time/time.c.obj
                0x1000178c                alarm_pool_cancel_alarm
 .text.cancel_alarm
                0x1000182c       0x10 CMakeFiles/pwm_irq_uart.dir/C_/Users/taekg/OneDrive/Documents/Pico-v1.5.0/pico-sdk/src/common/pico_time/time.c.obj
 .text.alarm_pool_core_num
                0x1000183c        0x4 CMakeFiles/pwm_irq_uart.dir/C_/Users/taekg/OneDrive/Documents/Pico-v1.5.0/pico-sdk/src/common/pico_time/time.c.obj
                0x1000183c                alarm_pool_core_num
 .text.best_effort_wfe_or_timeout
                0x10001840       0x44 CMakeFiles/pwm_irq_uart.dir/C_/Users/taekg/OneDrive/Documents/Pico-v1.5.0/pico-sdk/src/common/pico_time/time.c.obj
                0x10001840                best_effort_wfe_or_timeout
 .text.update_us_since_boot
                0x10001884       0x24 CMakeFiles/pwm_irq_uart.dir/C_/Users/taekg/OneDrive/Documents/Pico-v1.5.0/pico-sdk/src/rp2_common/hardware_timer/timer.c.obj
 .text.hardware_alarm_irq_handler
                0x100018a8       0x8c CMakeFiles/pwm_irq_uart.dir/C_/Users/taekg/OneDrive/Documents/Pico-v1.5.0/pico-sdk/src/rp2_common/hardware_timer/timer.c.obj
 .text.hardware_alarm_claim
                0x10001934       0x18 CMakeFiles/pwm_irq_uart.dir/C_/Users/taekg/OneDrive/Documents/Pico-v1.5.0/pico-sdk/src/rp2_common/hardware_timer/timer.c.obj
                0x10001934                hardware_alarm_claim
 .text.time_us_64
                0x1000194c       0x18 CMakeFiles/pwm_irq_uart.dir/C_/Users/taekg/OneDrive/Documents/Pico-v1.5.0/pico-sdk/src/rp2_common/hardware_timer/timer.c.obj
                0x1000194c                time_us_64
 .text.busy_wait_until
                0x10001964       0x28 CMakeFiles/pwm_irq_uart.dir/C_/Users/taekg/OneDrive/Documents/Pico-v1.5.0/pico-sdk/src/rp2_common/hardware_timer/timer.c.obj
                0x10001964                busy_wait_until
 .text.busy_wait_us
                0x1000198c       0x3a CMakeFiles/pwm_irq_uart.dir/C_/Users/taekg/OneDrive/Documents/Pico-v1.5.0/pico-sdk/src/rp2_common/hardware_timer/timer.c.obj
                0x1000198c                busy_wait_us
 *fill*         0x100019c6        0x2 
 .text.hardware_alarm_set_callback
                0x100019c8       0x90 CMakeFiles/pwm_irq_uart.dir/C_/Users/taekg/OneDrive/Documents/Pico-v1.5.0/pico-sdk/src/rp2_common/hardware_timer/timer.c.obj
                0x100019c8                hardware_alarm_set_callback
 .text.hardware_alarm_set_target
                0x10001a58       0xe8 CMakeFiles/pwm_irq_uart.dir/C_/Users/taekg/OneDrive/Documents/Pico-v1.5.0/pico-sdk/src/rp2_common/hardware_timer/timer.c.obj
                0x10001a58                hardware_alarm_set_target
 .text.hardware_alarm_cancel
                0x10001b40       0x40 CMakeFiles/pwm_irq_uart.dir/C_/Users/taekg/OneDrive/Documents/Pico-v1.5.0/pico-sdk/src/rp2_common/hardware_timer/timer.c.obj
                0x10001b40                hardware_alarm_cancel
 .text.ph_get_node
                0x10001b80       0x30 CMakeFiles/pwm_irq_uart.dir/C_/Users/taekg/OneDrive/Documents/Pico-v1.5.0/pico-sdk/src/common/pico_util/pheap.c.obj
 .text.ph_add_child_node
                0x10001bb0       0x6c CMakeFiles/pwm_irq_uart.dir/C_/Users/taekg/OneDrive/Documents/Pico-v1.5.0/pico-sdk/src/common/pico_util/pheap.c.obj
 .text.ph_merge_nodes
                0x10001c1c       0x3e CMakeFiles/pwm_irq_uart.dir/C_/Users/taekg/OneDrive/Documents/Pico-v1.5.0/pico-sdk/src/common/pico_util/pheap.c.obj
 .text.ph_clear
                0x10001c5a       0x34 CMakeFiles/pwm_irq_uart.dir/C_/Users/taekg/OneDrive/Documents/Pico-v1.5.0/pico-sdk/src/common/pico_util/pheap.c.obj
                0x10001c5a                ph_clear
 .text.ph_post_alloc_init
                0x10001c8e        0xe CMakeFiles/pwm_irq_uart.dir/C_/Users/taekg/OneDrive/Documents/Pico-v1.5.0/pico-sdk/src/common/pico_util/pheap.c.obj
                0x10001c8e                ph_post_alloc_init
 .text.ph_merge_two_pass
                0x10001c9c       0x5c CMakeFiles/pwm_irq_uart.dir/C_/Users/taekg/OneDrive/Documents/Pico-v1.5.0/pico-sdk/src/common/pico_util/pheap.c.obj
                0x10001c9c                ph_merge_two_pass
 .text.ph_remove_any_head
                0x10001cf8       0xc0 CMakeFiles/pwm_irq_uart.dir/C_/Users/taekg/OneDrive/Documents/Pico-v1.5.0/pico-sdk/src/common/pico_util/pheap.c.obj
 .text.ph_remove_head
                0x10001db8       0x14 CMakeFiles/pwm_irq_uart.dir/C_/Users/taekg/OneDrive/Documents/Pico-v1.5.0/pico-sdk/src/common/pico_util/pheap.c.obj
                0x10001db8                ph_remove_head
 .text.ph_remove_and_free_node
                0x10001dcc       0xa0 CMakeFiles/pwm_irq_uart.dir/C_/Users/taekg/OneDrive/Documents/Pico-v1.5.0/pico-sdk/src/common/pico_util/pheap.c.obj
                0x10001dcc                ph_remove_and_free_node
 .text.uart_set_baudrate
                0x10001e6c       0x5c CMakeFiles/pwm_irq_uart.dir/C_/Users/taekg/OneDrive/Documents/Pico-v1.5.0/pico-sdk/src/rp2_common/hardware_uart/uart.c.obj
                0x10001e6c                uart_set_baudrate
 .text.uart_set_translate_crlf
                0x10001ec8       0x28 CMakeFiles/pwm_irq_uart.dir/C_/Users/taekg/OneDrive/Documents/Pico-v1.5.0/pico-sdk/src/rp2_common/hardware_uart/uart.c.obj
                0x10001ec8                uart_set_translate_crlf
 .text.uart_init
                0x10001ef0       0x80 CMakeFiles/pwm_irq_uart.dir/C_/Users/taekg/OneDrive/Documents/Pico-v1.5.0/pico-sdk/src/rp2_common/hardware_uart/uart.c.obj
                0x10001ef0                uart_init
 .text.clock_configure
                0x10001f70      0x104 CMakeFiles/pwm_irq_uart.dir/C_/Users/taekg/OneDrive/Documents/Pico-v1.5.0/pico-sdk/src/rp2_common/hardware_clocks/clocks.c.obj
                0x10001f70                clock_configure
 .text.clocks_init
                0x10002074      0x100 CMakeFiles/pwm_irq_uart.dir/C_/Users/taekg/OneDrive/Documents/Pico-v1.5.0/pico-sdk/src/rp2_common/hardware_clocks/clocks.c.obj
                0x10002074                clocks_init
 .text.clock_get_hz
                0x10002174        0xc CMakeFiles/pwm_irq_uart.dir/C_/Users/taekg/OneDrive/Documents/Pico-v1.5.0/pico-sdk/src/rp2_common/hardware_clocks/clocks.c.obj
                0x10002174                clock_get_hz
 .text.pll_init
                0x10002180      0x12c CMakeFiles/pwm_irq_uart.dir/C_/Users/taekg/OneDrive/Documents/Pico-v1.5.0/pico-sdk/src/rp2_common/hardware_pll/pll.c.obj
                0x10002180                pll_init
 .text.watchdog_start_tick
                0x100022ac       0x10 CMakeFiles/pwm_irq_uart.dir/C_/Users/taekg/OneDrive/Documents/Pico-v1.5.0/pico-sdk/src/rp2_common/hardware_watchdog/watchdog.c.obj
                0x100022ac                watchdog_start_tick
 .text.watchdog_update
                0x100022bc       0x14 CMakeFiles/pwm_irq_uart.dir/C_/Users/taekg/OneDrive/Documents/Pico-v1.5.0/pico-sdk/src/rp2_common/hardware_watchdog/watchdog.c.obj
                0x100022bc                watchdog_update
 .text._watchdog_enable
                0x100022d0       0x78 CMakeFiles/pwm_irq_uart.dir/C_/Users/taekg/OneDrive/Documents/Pico-v1.5.0/pico-sdk/src/rp2_common/hardware_watchdog/watchdog.c.obj
                0x100022d0                _watchdog_enable
 .text.watchdog_reboot
                0x10002348       0x48 CMakeFiles/pwm_irq_uart.dir/C_/Users/taekg/OneDrive/Documents/Pico-v1.5.0/pico-sdk/src/rp2_common/hardware_watchdog/watchdog.c.obj
                0x10002348                watchdog_reboot
 .text.xosc_init
                0x10002390       0x28 CMakeFiles/pwm_irq_uart.dir/C_/Users/taekg/OneDrive/Documents/Pico-v1.5.0/pico-sdk/src/rp2_common/hardware_xosc/xosc.c.obj
                0x10002390                xosc_init
 .text._exit    0x100023b8        0x4 CMakeFiles/pwm_irq_uart.dir/C_/Users/taekg/OneDrive/Documents/Pico-v1.5.0/pico-sdk/src/rp2_common/pico_runtime/runtime.c.obj
                0x100023b8                _exit
 .text.exit     0x100023bc        0x6 CMakeFiles/pwm_irq_uart.dir/C_/Users/taekg/OneDrive/Documents/Pico-v1.5.0/pico-sdk/src/rp2_common/pico_runtime/runtime.c.obj
                0x100023bc                exit
 *fill*         0x100023c2        0x2 
 .text.__assert_func
                0x100023c4       0x38 CMakeFiles/pwm_irq_uart.dir/C_/Users/taekg/OneDrive/Documents/Pico-v1.5.0/pico-sdk/src/rp2_common/pico_runtime/runtime.c.obj
                0x100023c4                __assert_func
 .text.runtime_init
                0x100023fc       0xf8 CMakeFiles/pwm_irq_uart.dir/C_/Users/taekg/OneDrive/Documents/Pico-v1.5.0/pico-sdk/src/rp2_common/pico_runtime/runtime.c.obj
                0x100023fc                runtime_init
 .text.panic    0x100024f4       0x30 CMakeFiles/pwm_irq_uart.dir/C_/Users/taekg/OneDrive/Documents/Pico-v1.5.0/pico-sdk/src/rp2_common/pico_runtime/runtime.c.obj
                0x100024f4                panic
 .text._out_null
                0x10002524        0x2 CMakeFiles/pwm_irq_uart.dir/C_/Users/taekg/OneDrive/Documents/Pico-v1.5.0/pico-sdk/src/rp2_common/pico_printf/printf.c.obj
 .text._out_fct
                0x10002526        0xe CMakeFiles/pwm_irq_uart.dir/C_/Users/taekg/OneDrive/Documents/Pico-v1.5.0/pico-sdk/src/rp2_common/pico_printf/printf.c.obj
 .text._atoi    0x10002534       0x24 CMakeFiles/pwm_irq_uart.dir/C_/Users/taekg/OneDrive/Documents/Pico-v1.5.0/pico-sdk/src/rp2_common/pico_printf/printf.c.obj
 .text._out_rev
                0x10002558       0xae CMakeFiles/pwm_irq_uart.dir/C_/Users/taekg/OneDrive/Documents/Pico-v1.5.0/pico-sdk/src/rp2_common/pico_printf/printf.c.obj
 .text._ntoa_format
                0x10002606      0x110 CMakeFiles/pwm_irq_uart.dir/C_/Users/taekg/OneDrive/Documents/Pico-v1.5.0/pico-sdk/src/rp2_common/pico_printf/printf.c.obj
 .text._ntoa_long
                0x10002716       0xbc CMakeFiles/pwm_irq_uart.dir/C_/Users/taekg/OneDrive/Documents/Pico-v1.5.0/pico-sdk/src/rp2_common/pico_printf/printf.c.obj
 .text._ntoa_long_long
                0x100027d2      0x10e CMakeFiles/pwm_irq_uart.dir/C_/Users/taekg/OneDrive/Documents/Pico-v1.5.0/pico-sdk/src/rp2_common/pico_printf/printf.c.obj
 .text._etoa    0x100028e0      0x420 CMakeFiles/pwm_irq_uart.dir/C_/Users/taekg/OneDrive/Documents/Pico-v1.5.0/pico-sdk/src/rp2_common/pico_printf/printf.c.obj
 .text._ftoa    0x10002d00      0x354 CMakeFiles/pwm_irq_uart.dir/C_/Users/taekg/OneDrive/Documents/Pico-v1.5.0/pico-sdk/src/rp2_common/pico_printf/printf.c.obj
 .text._vsnprintf
                0x10003054      0x65c CMakeFiles/pwm_irq_uart.dir/C_/Users/taekg/OneDrive/Documents/Pico-v1.5.0/pico-sdk/src/rp2_common/pico_printf/printf.c.obj
 .text.vfctprintf
                0x100036b0       0x20 CMakeFiles/pwm_irq_uart.dir/C_/Users/taekg/OneDrive/Documents/Pico-v1.5.0/pico-sdk/src/rp2_common/pico_printf/printf.c.obj
                0x100036b0                vfctprintf
 .text          0x100036d0       0x10 CMakeFiles/pwm_irq_uart.dir/C_/Users/taekg/OneDrive/Documents/Pico-v1.5.0/pico-sdk/src/rp2_common/pico_bit_ops/bit_ops_aeabi.S.obj
 .text.rom_func_lookup
                0x100036e0       0x10 CMakeFiles/pwm_irq_uart.dir/C_/Users/taekg/OneDrive/Documents/Pico-v1.5.0/pico-sdk/src/rp2_common/pico_bootrom/bootrom.c.obj
                0x100036e0                rom_func_lookup
 .text.rom_data_lookup
                0x100036f0       0x10 CMakeFiles/pwm_irq_uart.dir/C_/Users/taekg/OneDrive/Documents/Pico-v1.5.0/pico-sdk/src/rp2_common/pico_bootrom/bootrom.c.obj
                0x100036f0                rom_data_lookup
 .text.rom_funcs_lookup
                0x10003700       0x36 CMakeFiles/pwm_irq_uart.dir/C_/Users/taekg/OneDrive/Documents/Pico-v1.5.0/pico-sdk/src/rp2_common/pico_bootrom/bootrom.c.obj
                0x10003700                rom_funcs_lookup
 *fill*         0x10003736        0x2 
 .text.__wrap___aeabi_idiv
                0x10003738       0x50 CMakeFiles/pwm_irq_uart.dir/C_/Users/taekg/OneDrive/Documents/Pico-v1.5.0/pico-sdk/src/rp2_common/pico_divider/divider.S.obj
                0x10003738                __wrap___aeabi_idivmod
                0x10003738                divmod_s32s32
                0x10003738                div_s32s32
                0x10003738                __wrap___aeabi_idiv
                0x10003740                divmod_s32s32_unsafe
                0x1000376c                divmod_s32s32_savestate
 .text.__wrap___aeabi_uidiv
                0x10003788       0x4c CMakeFiles/pwm_irq_uart.dir/C_/Users/taekg/OneDrive/Documents/Pico-v1.5.0/pico-sdk/src/rp2_common/pico_divider/divider.S.obj
                0x10003788                __wrap___aeabi_uidiv
                0x10003788                __wrap___aeabi_uidivmod
                0x10003788                div_u32u32
                0x10003788                divmod_u32u32
                0x10003790                divmod_u32u32_unsafe
                0x100037b8                divmod_u32u32_savestate
 .text.__wrap___aeabi_ldiv
                0x100037d4      0x424 CMakeFiles/pwm_irq_uart.dir/C_/Users/taekg/OneDrive/Documents/Pico-v1.5.0/pico-sdk/src/rp2_common/pico_divider/divider.S.obj
                0x100037d4                div_s64s64
                0x100037d4                divmod_s64s64
                0x100037d4                __wrap___aeabi_ldivmod
                0x10003804                divmod_u64u64
                0x10003804                div_u64u64
                0x10003804                __wrap___aeabi_uldivmod
                0x10003814                divmod_u64u64_savestate
                0x10003834                divmod_s64s64_unsafe
                0x100038bc                divmod_u64u64_unsafe
 .text.__wrap___aeabi_darithmetic
                0x10003bf8       0x80 CMakeFiles/pwm_irq_uart.dir/C_/Users/taekg/OneDrive/Documents/Pico-v1.5.0/pico-sdk/src/rp2_common/pico_double/double_aeabi.S.obj
                0x10003bf8                __wrap___aeabi_drsub
                0x10003bfe                __wrap___aeabi_dsub
                0x10003c10                __wrap___aeabi_dadd
                0x10003c22                __wrap___aeabi_ddiv
                0x10003c5e                __wrap___aeabi_dmul
 .text.__wrap___aeabi_cdcmple
                0x10003c78       0x6c CMakeFiles/pwm_irq_uart.dir/C_/Users/taekg/OneDrive/Documents/Pico-v1.5.0/pico-sdk/src/rp2_common/pico_double/double_aeabi.S.obj
                0x10003c78                __wrap___aeabi_cdrcmple
                0x10003c88                __wrap___aeabi_cdcmpeq
                0x10003c88                __wrap___aeabi_cdcmple
 .text.__wrap___aeabi_dcmplt
                0x10003ce4        0xc CMakeFiles/pwm_irq_uart.dir/C_/Users/taekg/OneDrive/Documents/Pico-v1.5.0/pico-sdk/src/rp2_common/pico_double/double_aeabi.S.obj
                0x10003ce4                __wrap___aeabi_dcmplt
 .text.__wrap___aeabi_dcmple
                0x10003cf0       0x10 CMakeFiles/pwm_irq_uart.dir/C_/Users/taekg/OneDrive/Documents/Pico-v1.5.0/pico-sdk/src/rp2_common/pico_double/double_aeabi.S.obj
                0x10003cf0                __wrap___aeabi_dcmple
 .text.__wrap___aeabi_dcmpge
                0x10003d00       0x10 CMakeFiles/pwm_irq_uart.dir/C_/Users/taekg/OneDrive/Documents/Pico-v1.5.0/pico-sdk/src/rp2_common/pico_double/double_aeabi.S.obj
                0x10003d00                __wrap___aeabi_dcmpge
 .text.__wrap___aeabi_dcmpgt
                0x10003d10        0xa CMakeFiles/pwm_irq_uart.dir/C_/Users/taekg/OneDrive/Documents/Pico-v1.5.0/pico-sdk/src/rp2_common/pico_double/double_aeabi.S.obj
                0x10003d10                __wrap___aeabi_dcmpgt
 .text.__wrap___aeabi_dcmpun
                0x10003d1a       0x1c CMakeFiles/pwm_irq_uart.dir/C_/Users/taekg/OneDrive/Documents/Pico-v1.5.0/pico-sdk/src/rp2_common/pico_double/double_aeabi.S.obj
                0x10003d1a                __wrap___aeabi_dcmpun
 *fill*         0x10003d36        0x2 
 .text.__wrap___aeabi_i2d
                0x10003d38       0x38 CMakeFiles/pwm_irq_uart.dir/C_/Users/taekg/OneDrive/Documents/Pico-v1.5.0/pico-sdk/src/rp2_common/pico_double/double_aeabi.S.obj
                0x10003d38                __wrap___aeabi_ui2d
                0x10003d40                __wrap___aeabi_i2d
 .text.__wrap___aeabi_d2iz
                0x10003d70       0x48 CMakeFiles/pwm_irq_uart.dir/C_/Users/taekg/OneDrive/Documents/Pico-v1.5.0/pico-sdk/src/rp2_common/pico_double/double_aeabi.S.obj
                0x10003d70                double2int_z
                0x10003d70                __wrap___aeabi_d2iz
 .text.__wrap___aeabi_d2uiz
                0x10003db8       0x18 CMakeFiles/pwm_irq_uart.dir/C_/Users/taekg/OneDrive/Documents/Pico-v1.5.0/pico-sdk/src/rp2_common/pico_double/double_aeabi.S.obj
                0x10003db8                __wrap___aeabi_d2uiz
                0x10003db8                double2uint
 .text.__aeabi_double_init
                0x10003dd0       0xcc CMakeFiles/pwm_irq_uart.dir/C_/Users/taekg/OneDrive/Documents/Pico-v1.5.0/pico-sdk/src/rp2_common/pico_double/double_init_rom.c.obj
                0x10003dd0                __aeabi_double_init
 .text.double_table_shim_on_use_helper
                0x10003e9c       0x34 CMakeFiles/pwm_irq_uart.dir/C_/Users/taekg/OneDrive/Documents/Pico-v1.5.0/pico-sdk/src/rp2_common/pico_double/double_v1_rom_shim.S.obj
                0x10003e9c                double_table_shim_on_use_helper
 .text.__wrap___aeabi_dsub
                0x10003ed0       0x10 CMakeFiles/pwm_irq_uart.dir/C_/Users/taekg/OneDrive/Documents/Pico-v1.5.0/pico-sdk/src/rp2_common/pico_double/double_v1_rom_shim.S.obj
                0x10003ed0                drsub_shim
                0x10003ed6                dsub_shim
 .text.dadd_shim
                0x10003ee0      0x15c CMakeFiles/pwm_irq_uart.dir/C_/Users/taekg/OneDrive/Documents/Pico-v1.5.0/pico-sdk/src/rp2_common/pico_double/double_v1_rom_shim.S.obj
                0x10003ee0                dadd_shim
 .text.dmul_shim
                0x1000403c      0x15c CMakeFiles/pwm_irq_uart.dir/C_/Users/taekg/OneDrive/Documents/Pico-v1.5.0/pico-sdk/src/rp2_common/pico_double/double_v1_rom_shim.S.obj
                0x1000403c                dmul_shim
 .text.ddiv_shim
                0x10004198      0x1b0 CMakeFiles/pwm_irq_uart.dir/C_/Users/taekg/OneDrive/Documents/Pico-v1.5.0/pico-sdk/src/rp2_common/pico_double/double_v1_rom_shim.S.obj
                0x10004198                ddiv_shim
 .text.double2uint_shim
                0x10004348        0xe CMakeFiles/pwm_irq_uart.dir/C_/Users/taekg/OneDrive/Documents/Pico-v1.5.0/pico-sdk/src/rp2_common/pico_double/double_v1_rom_shim.S.obj
                0x10004348                double2uint_shim
                0x1000434a                double2ufix_shim
 *fill*         0x10004356        0x2 
 .text.double2uint64_shim
                0x10004358       0x70 CMakeFiles/pwm_irq_uart.dir/C_/Users/taekg/OneDrive/Documents/Pico-v1.5.0/pico-sdk/src/rp2_common/pico_double/double_v1_rom_shim.S.obj
                0x10004358                double2uint64_shim
                0x1000435a                double2ufix64_shim
                0x1000437a                d2fix_a
 .text.dunpacks
                0x100043c8       0x3c CMakeFiles/pwm_irq_uart.dir/C_/Users/taekg/OneDrive/Documents/Pico-v1.5.0/pico-sdk/src/rp2_common/pico_double/double_v1_rom_shim.S.obj
                0x100043c8                dunpacks
 .text.__aeabi_lmul
                0x10004404       0x32 CMakeFiles/pwm_irq_uart.dir/C_/Users/taekg/OneDrive/Documents/Pico-v1.5.0/pico-sdk/src/rp2_common/pico_int64_ops/pico_int64_ops_aeabi.S.obj
                0x10004404                __wrap___aeabi_lmul
 *fill*         0x10004436        0x2 
 .text.__aeabi_float_init
                0x10004438       0xfc CMakeFiles/pwm_irq_uart.dir/C_/Users/taekg/OneDrive/Documents/Pico-v1.5.0/pico-sdk/src/rp2_common/pico_float/float_init_rom.c.obj
                0x10004438                __aeabi_float_init
 .text.float_table_shim_on_use_helper
                0x10004534       0x34 CMakeFiles/pwm_irq_uart.dir/C_/Users/taekg/OneDrive/Documents/Pico-v1.5.0/pico-sdk/src/rp2_common/pico_float/float_v1_rom_shim.S.obj
                0x10004534                float_table_shim_on_use_helper
 .text          0x10004568       0x10 CMakeFiles/pwm_irq_uart.dir/C_/Users/taekg/OneDrive/Documents/Pico-v1.5.0/pico-sdk/src/rp2_common/pico_mem_ops/mem_ops_aeabi.S.obj
                0x10004568                __aeabi_mem_init
 .text.memset   0x10004578        0xc CMakeFiles/pwm_irq_uart.dir/C_/Users/taekg/OneDrive/Documents/Pico-v1.5.0/pico-sdk/src/rp2_common/pico_mem_ops/mem_ops_aeabi.S.obj
                0x10004578                __wrap_memset
 .text.memcpy   0x10004584        0xc CMakeFiles/pwm_irq_uart.dir/C_/Users/taekg/OneDrive/Documents/Pico-v1.5.0/pico-sdk/src/rp2_common/pico_mem_ops/mem_ops_aeabi.S.obj
                0x10004584                __wrap_memcpy
                0x10004584                __wrap___aeabi_memcpy
 .text.time_reached
                0x10004590       0x28 CMakeFiles/pwm_irq_uart.dir/C_/Users/taekg/OneDrive/Documents/Pico-v1.5.0/pico-sdk/src/rp2_common/pico_stdio/stdio.c.obj
 .text.stdio_out_chars_no_crlf
                0x100045b8        0xe CMakeFiles/pwm_irq_uart.dir/C_/Users/taekg/OneDrive/Documents/Pico-v1.5.0/pico-sdk/src/rp2_common/pico_stdio/stdio.c.obj
 *fill*         0x100045c6        0x2 
 .text.stdio_out_chars_crlf
                0x100045c8       0x80 CMakeFiles/pwm_irq_uart.dir/C_/Users/taekg/OneDrive/Documents/Pico-v1.5.0/pico-sdk/src/rp2_common/pico_stdio/stdio.c.obj
 .text.stdio_stack_buffer_flush
                0x10004648       0x44 CMakeFiles/pwm_irq_uart.dir/C_/Users/taekg/OneDrive/Documents/Pico-v1.5.0/pico-sdk/src/rp2_common/pico_stdio/stdio.c.obj
 .text.stdio_buffered_printer
                0x1000468c       0x20 CMakeFiles/pwm_irq_uart.dir/C_/Users/taekg/OneDrive/Documents/Pico-v1.5.0/pico-sdk/src/rp2_common/pico_stdio/stdio.c.obj
 .text.update_us_since_boot
                0x100046ac       0x24 CMakeFiles/pwm_irq_uart.dir/C_/Users/taekg/OneDrive/Documents/Pico-v1.5.0/pico-sdk/src/rp2_common/pico_stdio/stdio.c.obj
 .text.get_absolute_time
                0x100046d0       0x22 CMakeFiles/pwm_irq_uart.dir/C_/Users/taekg/OneDrive/Documents/Pico-v1.5.0/pico-sdk/src/rp2_common/pico_stdio/stdio.c.obj
 *fill*         0x100046f2        0x2 
 .text.delayed_by_ms
                0x100046f4       0x44 CMakeFiles/pwm_irq_uart.dir/C_/Users/taekg/OneDrive/Documents/Pico-v1.5.0/pico-sdk/src/rp2_common/pico_stdio/stdio.c.obj
 .text.make_timeout_time_ms
                0x10004738       0x20 CMakeFiles/pwm_irq_uart.dir/C_/Users/taekg/OneDrive/Documents/Pico-v1.5.0/pico-sdk/src/rp2_common/pico_stdio/stdio.c.obj
 .text.delayed_by_us
                0x10004758       0x34 CMakeFiles/pwm_irq_uart.dir/C_/Users/taekg/OneDrive/Documents/Pico-v1.5.0/pico-sdk/src/rp2_common/pico_stdio/stdio.c.obj
 .text.make_timeout_time_us
                0x1000478c       0x24 CMakeFiles/pwm_irq_uart.dir/C_/Users/taekg/OneDrive/Documents/Pico-v1.5.0/pico-sdk/src/rp2_common/pico_stdio/stdio.c.obj
 .text.stdio_get_until
                0x100047b0       0x64 CMakeFiles/pwm_irq_uart.dir/C_/Users/taekg/OneDrive/Documents/Pico-v1.5.0/pico-sdk/src/rp2_common/pico_stdio/stdio.c.obj
 .text.stdout_serialize_begin
                0x10004814       0x20 CMakeFiles/pwm_irq_uart.dir/C_/Users/taekg/OneDrive/Documents/Pico-v1.5.0/pico-sdk/src/rp2_common/pico_stdio/stdio.c.obj
                0x10004814                stdout_serialize_begin
 .text.stdout_serialize_end
                0x10004834       0x10 CMakeFiles/pwm_irq_uart.dir/C_/Users/taekg/OneDrive/Documents/Pico-v1.5.0/pico-sdk/src/rp2_common/pico_stdio/stdio.c.obj
                0x10004834                stdout_serialize_end
 .text.stdio_put_string
                0x10004844       0x98 CMakeFiles/pwm_irq_uart.dir/C_/Users/taekg/OneDrive/Documents/Pico-v1.5.0/pico-sdk/src/rp2_common/pico_stdio/stdio.c.obj
 .text.stdio_set_driver_enabled
                0x100048dc       0x2c CMakeFiles/pwm_irq_uart.dir/C_/Users/taekg/OneDrive/Documents/Pico-v1.5.0/pico-sdk/src/rp2_common/pico_stdio/stdio.c.obj
                0x100048dc                stdio_set_driver_enabled
 .text.stdio_flush
                0x10004908       0x20 CMakeFiles/pwm_irq_uart.dir/C_/Users/taekg/OneDrive/Documents/Pico-v1.5.0/pico-sdk/src/rp2_common/pico_stdio/stdio.c.obj
                0x10004908                stdio_flush
 .text.__wrap_puts
                0x10004928       0x1e CMakeFiles/pwm_irq_uart.dir/C_/Users/taekg/OneDrive/Documents/Pico-v1.5.0/pico-sdk/src/rp2_common/pico_stdio/stdio.c.obj
                0x10004928                __wrap_puts
 *fill*         0x10004946        0x2 
 .text.__wrap_vprintf
                0x10004948       0x40 CMakeFiles/pwm_irq_uart.dir/C_/Users/taekg/OneDrive/Documents/Pico-v1.5.0/pico-sdk/src/rp2_common/pico_stdio/stdio.c.obj
                0x10004948                __wrap_vprintf
 .text.__wrap_printf
                0x10004988       0x18 CMakeFiles/pwm_irq_uart.dir/C_/Users/taekg/OneDrive/Documents/Pico-v1.5.0/pico-sdk/src/rp2_common/pico_stdio/stdio.c.obj
                0x10004988                __wrap_printf
 .text.stdio_init_all
                0x100049a0        0xe CMakeFiles/pwm_irq_uart.dir/C_/Users/taekg/OneDrive/Documents/Pico-v1.5.0/pico-sdk/src/rp2_common/pico_stdio/stdio.c.obj
                0x100049a0                stdio_init_all
 *fill*         0x100049ae        0x2 
 .text.__wrap_getchar
                0x100049b0       0x40 CMakeFiles/pwm_irq_uart.dir/C_/Users/taekg/OneDrive/Documents/Pico-v1.5.0/pico-sdk/src/rp2_common/pico_stdio/stdio.c.obj
                0x100049b0                __wrap_getchar
 .text.getchar_timeout_us
                0x100049f0       0x44 CMakeFiles/pwm_irq_uart.dir/C_/Users/taekg/OneDrive/Documents/Pico-v1.5.0/pico-sdk/src/rp2_common/pico_stdio/stdio.c.obj
                0x100049f0                getchar_timeout_us
 .text.uart_putc
                0x10004a34       0x60 CMakeFiles/pwm_irq_uart.dir/C_/Users/taekg/OneDrive/Documents/Pico-v1.5.0/pico-sdk/src/rp2_common/pico_stdio_uart/stdio_uart.c.obj
 .text.uart_getc
                0x10004a94       0x24 CMakeFiles/pwm_irq_uart.dir/C_/Users/taekg/OneDrive/Documents/Pico-v1.5.0/pico-sdk/src/rp2_common/pico_stdio_uart/stdio_uart.c.obj
 .text.stdio_uart_out_chars
                0x10004ab8       0x20 CMakeFiles/pwm_irq_uart.dir/C_/Users/taekg/OneDrive/Documents/Pico-v1.5.0/pico-sdk/src/rp2_common/pico_stdio_uart/stdio_uart.c.obj
 .text.stdio_uart_in_chars
                0x10004ad8       0x5c CMakeFiles/pwm_irq_uart.dir/C_/Users/taekg/OneDrive/Documents/Pico-v1.5.0/pico-sdk/src/rp2_common/pico_stdio_uart/stdio_uart.c.obj
                0x10004ad8                stdio_uart_in_chars
 .text.on_uart_rx
                0x10004b34       0x28 CMakeFiles/pwm_irq_uart.dir/C_/Users/taekg/OneDrive/Documents/Pico-v1.5.0/pico-sdk/src/rp2_common/pico_stdio_uart/stdio_uart.c.obj
 .text.stdio_uart_set_chars_available_callback
                0x10004b5c       0x8c CMakeFiles/pwm_irq_uart.dir/C_/Users/taekg/OneDrive/Documents/Pico-v1.5.0/pico-sdk/src/rp2_common/pico_stdio_uart/stdio_uart.c.obj
 .text.stdio_uart_init_full
                0x10004be8       0x44 CMakeFiles/pwm_irq_uart.dir/C_/Users/taekg/OneDrive/Documents/Pico-v1.5.0/pico-sdk/src/rp2_common/pico_stdio_uart/stdio_uart.c.obj
                0x10004be8                stdio_uart_init_full
 .text.stdio_uart_init
                0x10004c2c       0x28 CMakeFiles/pwm_irq_uart.dir/C_/Users/taekg/OneDrive/Documents/Pico-v1.5.0/pico-sdk/src/rp2_common/pico_stdio_uart/stdio_uart.c.obj
                0x10004c2c                stdio_uart_init
 .text.resetd_init
                0x10004c54        0x2 CMakeFiles/pwm_irq_uart.dir/C_/Users/taekg/OneDrive/Documents/Pico-v1.5.0/pico-sdk/src/rp2_common/pico_stdio_usb/reset_interface.c.obj
 *fill*         0x10004c56        0x2 
 .text.resetd_reset
                0x10004c58        0xc CMakeFiles/pwm_irq_uart.dir/C_/Users/taekg/OneDrive/Documents/Pico-v1.5.0/pico-sdk/src/rp2_common/pico_stdio_usb/reset_interface.c.obj
 .text.resetd_open
                0x10004c64       0x34 CMakeFiles/pwm_irq_uart.dir/C_/Users/taekg/OneDrive/Documents/Pico-v1.5.0/pico-sdk/src/rp2_common/pico_stdio_usb/reset_interface.c.obj
 .text.resetd_xfer_cb
                0x10004c98        0x4 CMakeFiles/pwm_irq_uart.dir/C_/Users/taekg/OneDrive/Documents/Pico-v1.5.0/pico-sdk/src/rp2_common/pico_stdio_usb/reset_interface.c.obj
 .text.reset_usb_boot
                0x10004c9c       0x18 CMakeFiles/pwm_irq_uart.dir/C_/Users/taekg/OneDrive/Documents/Pico-v1.5.0/pico-sdk/src/rp2_common/pico_stdio_usb/reset_interface.c.obj
 .text.resetd_control_xfer_cb
                0x10004cb4       0x5c CMakeFiles/pwm_irq_uart.dir/C_/Users/taekg/OneDrive/Documents/Pico-v1.5.0/pico-sdk/src/rp2_common/pico_stdio_usb/reset_interface.c.obj
 .text.usbd_app_driver_get_cb
                0x10004d10        0xc CMakeFiles/pwm_irq_uart.dir/C_/Users/taekg/OneDrive/Documents/Pico-v1.5.0/pico-sdk/src/rp2_common/pico_stdio_usb/reset_interface.c.obj
                0x10004d10                usbd_app_driver_get_cb
 .text.tud_cdc_line_coding_cb
                0x10004d1c       0x28 CMakeFiles/pwm_irq_uart.dir/C_/Users/taekg/OneDrive/Documents/Pico-v1.5.0/pico-sdk/src/rp2_common/pico_stdio_usb/reset_interface.c.obj
                0x10004d1c                tud_cdc_line_coding_cb
 .text.stdio_usb_set_chars_available_callback
                0x10004d44       0x14 CMakeFiles/pwm_irq_uart.dir/C_/Users/taekg/OneDrive/Documents/Pico-v1.5.0/pico-sdk/src/rp2_common/pico_stdio_usb/stdio_usb.c.obj
                0x10004d44                stdio_usb_set_chars_available_callback
 .text.update_us_since_boot
                0x10004d58       0x24 CMakeFiles/pwm_irq_uart.dir/C_/Users/taekg/OneDrive/Documents/Pico-v1.5.0/pico-sdk/src/rp2_common/pico_stdio_usb/stdio_usb.c.obj
 .text.get_absolute_time
                0x10004d7c       0x22 CMakeFiles/pwm_irq_uart.dir/C_/Users/taekg/OneDrive/Documents/Pico-v1.5.0/pico-sdk/src/rp2_common/pico_stdio_usb/stdio_usb.c.obj
 *fill*         0x10004d9e        0x2 
 .text.delayed_by_ms
                0x10004da0       0x44 CMakeFiles/pwm_irq_uart.dir/C_/Users/taekg/OneDrive/Documents/Pico-v1.5.0/pico-sdk/src/rp2_common/pico_stdio_usb/stdio_usb.c.obj
 .text.make_timeout_time_ms
                0x10004de4       0x20 CMakeFiles/pwm_irq_uart.dir/C_/Users/taekg/OneDrive/Documents/Pico-v1.5.0/pico-sdk/src/rp2_common/pico_stdio_usb/stdio_usb.c.obj
 .text.delayed_by_us
                0x10004e04       0x34 CMakeFiles/pwm_irq_uart.dir/C_/Users/taekg/OneDrive/Documents/Pico-v1.5.0/pico-sdk/src/rp2_common/pico_stdio_usb/stdio_usb.c.obj
 .text.usb_irq  0x10004e38       0x10 CMakeFiles/pwm_irq_uart.dir/C_/Users/taekg/OneDrive/Documents/Pico-v1.5.0/pico-sdk/src/rp2_common/pico_stdio_usb/stdio_usb.c.obj
 .text.timer_task
                0x10004e48       0x58 CMakeFiles/pwm_irq_uart.dir/C_/Users/taekg/OneDrive/Documents/Pico-v1.5.0/pico-sdk/src/rp2_common/pico_stdio_usb/stdio_usb.c.obj
 .text.alarm_pool_add_alarm_in_us
                0x10004ea0       0x3a CMakeFiles/pwm_irq_uart.dir/C_/Users/taekg/OneDrive/Documents/Pico-v1.5.0/pico-sdk/src/rp2_common/pico_stdio_usb/stdio_usb.c.obj
 .text.add_alarm_in_us
                0x10004eda       0x2e CMakeFiles/pwm_irq_uart.dir/C_/Users/taekg/OneDrive/Documents/Pico-v1.5.0/pico-sdk/src/rp2_common/pico_stdio_usb/stdio_usb.c.obj
 .text.low_priority_worker_irq
                0x10004f08       0x84 CMakeFiles/pwm_irq_uart.dir/C_/Users/taekg/OneDrive/Documents/Pico-v1.5.0/pico-sdk/src/rp2_common/pico_stdio_usb/stdio_usb.c.obj
 .text.tud_cdc_rx_cb
                0x10004f8c       0x20 CMakeFiles/pwm_irq_uart.dir/C_/Users/taekg/OneDrive/Documents/Pico-v1.5.0/pico-sdk/src/rp2_common/pico_stdio_usb/stdio_usb.c.obj
                0x10004f8c                tud_cdc_rx_cb
 .text.stdio_usb_init
                0x10004fac       0xdc CMakeFiles/pwm_irq_uart.dir/C_/Users/taekg/OneDrive/Documents/Pico-v1.5.0/pico-sdk/src/rp2_common/pico_stdio_usb/stdio_usb.c.obj
                0x10004fac                stdio_usb_init
 .text.stdio_usb_connected
                0x10005088        0xa CMakeFiles/pwm_irq_uart.dir/C_/Users/taekg/OneDrive/Documents/Pico-v1.5.0/pico-sdk/src/rp2_common/pico_stdio_usb/stdio_usb.c.obj
                0x10005088                stdio_usb_connected
 *fill*         0x10005092        0x2 
 .text.stdio_usb_in_chars
                0x10005094       0x88 CMakeFiles/pwm_irq_uart.dir/C_/Users/taekg/OneDrive/Documents/Pico-v1.5.0/pico-sdk/src/rp2_common/pico_stdio_usb/stdio_usb.c.obj
                0x10005094                stdio_usb_in_chars
 .text.stdio_usb_out_chars
                0x1000511c       0xd8 CMakeFiles/pwm_irq_uart.dir/C_/Users/taekg/OneDrive/Documents/Pico-v1.5.0/pico-sdk/src/rp2_common/pico_stdio_usb/stdio_usb.c.obj
 .text.tud_descriptor_device_cb
                0x100051f4        0x8 CMakeFiles/pwm_irq_uart.dir/C_/Users/taekg/OneDrive/Documents/Pico-v1.5.0/pico-sdk/src/rp2_common/pico_stdio_usb/stdio_usb_descriptors.c.obj
                0x100051f4                tud_descriptor_device_cb
 .text.tud_descriptor_configuration_cb
                0x100051fc        0x8 CMakeFiles/pwm_irq_uart.dir/C_/Users/taekg/OneDrive/Documents/Pico-v1.5.0/pico-sdk/src/rp2_common/pico_stdio_usb/stdio_usb_descriptors.c.obj
                0x100051fc                tud_descriptor_configuration_cb
 .text.tud_descriptor_string_cb
                0x10005204       0x6c CMakeFiles/pwm_irq_uart.dir/C_/Users/taekg/OneDrive/Documents/Pico-v1.5.0/pico-sdk/src/rp2_common/pico_stdio_usb/stdio_usb_descriptors.c.obj
                0x10005204                tud_descriptor_string_cb
 .text._retrieve_unique_id_on_boot
                0x10005270       0x10 CMakeFiles/pwm_irq_uart.dir/C_/Users/taekg/OneDrive/Documents/Pico-v1.5.0/pico-sdk/src/rp2_common/pico_unique_id/unique_id.c.obj
 .text.pico_get_unique_board_id_string
                0x10005280       0x5c CMakeFiles/pwm_irq_uart.dir/C_/Users/taekg/OneDrive/Documents/Pico-v1.5.0/pico-sdk/src/rp2_common/pico_unique_id/unique_id.c.obj
                0x10005280                pico_get_unique_board_id_string
 .text.flash_get_unique_id
                0x100052dc       0x46 CMakeFiles/pwm_irq_uart.dir/C_/Users/taekg/OneDrive/Documents/Pico-v1.5.0/pico-sdk/src/rp2_common/hardware_flash/flash.c.obj
                0x100052dc                flash_get_unique_id
 *fill*         0x10005322        0x2 
 .text.hw_endpoint_get_by_addr
                0x10005324       0x18 CMakeFiles/pwm_irq_uart.dir/C_/Users/taekg/OneDrive/Documents/Pico-v1.5.0/pico-sdk/lib/tinyusb/src/portable/raspberrypi/rp2040/dcd_rp2040.c.obj
 .text._hw_endpoint_alloc
                0x1000533c       0x70 CMakeFiles/pwm_irq_uart.dir/C_/Users/taekg/OneDrive/Documents/Pico-v1.5.0/pico-sdk/lib/tinyusb/src/portable/raspberrypi/rp2040/dcd_rp2040.c.obj
 .text.hw_endpoint_init
                0x100053ac       0x88 CMakeFiles/pwm_irq_uart.dir/C_/Users/taekg/OneDrive/Documents/Pico-v1.5.0/pico-sdk/lib/tinyusb/src/portable/raspberrypi/rp2040/dcd_rp2040.c.obj
 .text.dcd_event_sof
                0x10005434       0x2c CMakeFiles/pwm_irq_uart.dir/C_/Users/taekg/OneDrive/Documents/Pico-v1.5.0/pico-sdk/lib/tinyusb/src/portable/raspberrypi/rp2040/dcd_rp2040.c.obj
 .text.hw_endpoint_xfer
                0x10005460       0x14 CMakeFiles/pwm_irq_uart.dir/C_/Users/taekg/OneDrive/Documents/Pico-v1.5.0/pico-sdk/lib/tinyusb/src/portable/raspberrypi/rp2040/dcd_rp2040.c.obj
 .text.dcd_int_enable
                0x10005474       0x2c CMakeFiles/pwm_irq_uart.dir/C_/Users/taekg/OneDrive/Documents/Pico-v1.5.0/pico-sdk/lib/tinyusb/src/portable/raspberrypi/rp2040/dcd_rp2040.c.obj
                0x10005474                dcd_int_enable
 .text.dcd_set_address
                0x100054a0       0x2c CMakeFiles/pwm_irq_uart.dir/C_/Users/taekg/OneDrive/Documents/Pico-v1.5.0/pico-sdk/lib/tinyusb/src/portable/raspberrypi/rp2040/dcd_rp2040.c.obj
                0x100054a0                dcd_set_address
 .text.dcd_connect
                0x100054cc       0x10 CMakeFiles/pwm_irq_uart.dir/C_/Users/taekg/OneDrive/Documents/Pico-v1.5.0/pico-sdk/lib/tinyusb/src/portable/raspberrypi/rp2040/dcd_rp2040.c.obj
                0x100054cc                dcd_connect
 .text.dcd_init
                0x100054dc       0x80 CMakeFiles/pwm_irq_uart.dir/C_/Users/taekg/OneDrive/Documents/Pico-v1.5.0/pico-sdk/lib/tinyusb/src/portable/raspberrypi/rp2040/dcd_rp2040.c.obj
                0x100054dc                dcd_init
 .text.dcd_edpt0_status_complete
                0x1000555c       0x1c CMakeFiles/pwm_irq_uart.dir/C_/Users/taekg/OneDrive/Documents/Pico-v1.5.0/pico-sdk/lib/tinyusb/src/portable/raspberrypi/rp2040/dcd_rp2040.c.obj
                0x1000555c                dcd_edpt0_status_complete
 .text.dcd_edpt_open
                0x10005578       0x40 CMakeFiles/pwm_irq_uart.dir/C_/Users/taekg/OneDrive/Documents/Pico-v1.5.0/pico-sdk/lib/tinyusb/src/portable/raspberrypi/rp2040/dcd_rp2040.c.obj
                0x10005578                dcd_edpt_open
 .text.dcd_edpt_close_all
                0x100055b8        0x8 CMakeFiles/pwm_irq_uart.dir/C_/Users/taekg/OneDrive/Documents/Pico-v1.5.0/pico-sdk/lib/tinyusb/src/portable/raspberrypi/rp2040/dcd_rp2040.c.obj
                0x100055b8                dcd_edpt_close_all
 .text.dcd_edpt_xfer
                0x100055c0       0x34 CMakeFiles/pwm_irq_uart.dir/C_/Users/taekg/OneDrive/Documents/Pico-v1.5.0/pico-sdk/lib/tinyusb/src/portable/raspberrypi/rp2040/dcd_rp2040.c.obj
                0x100055c0                dcd_edpt_xfer
 .text.dcd_edpt_stall
                0x100055f4       0x2c CMakeFiles/pwm_irq_uart.dir/C_/Users/taekg/OneDrive/Documents/Pico-v1.5.0/pico-sdk/lib/tinyusb/src/portable/raspberrypi/rp2040/dcd_rp2040.c.obj
                0x100055f4                dcd_edpt_stall
 .text.dcd_edpt_clear_stall
                0x10005620       0x20 CMakeFiles/pwm_irq_uart.dir/C_/Users/taekg/OneDrive/Documents/Pico-v1.5.0/pico-sdk/lib/tinyusb/src/portable/raspberrypi/rp2040/dcd_rp2040.c.obj
                0x10005620                dcd_edpt_clear_stall
 .text.rp2040_usb_init
                0x10005640       0x4c CMakeFiles/pwm_irq_uart.dir/C_/Users/taekg/OneDrive/Documents/Pico-v1.5.0/pico-sdk/lib/tinyusb/src/portable/raspberrypi/rp2040/rp2040_usb.c.obj
                0x10005640                rp2040_usb_init
 .text.hw_endpoint_xfer_start
                0x1000568c       0x50 CMakeFiles/pwm_irq_uart.dir/C_/Users/taekg/OneDrive/Documents/Pico-v1.5.0/pico-sdk/lib/tinyusb/src/portable/raspberrypi/rp2040/rp2040_usb.c.obj
                0x1000568c                hw_endpoint_xfer_start
 .text.configuration_reset
                0x100056dc       0x84 CMakeFiles/pwm_irq_uart.dir/C_/Users/taekg/OneDrive/Documents/Pico-v1.5.0/pico-sdk/lib/tinyusb/src/device/usbd.c.obj
 .text.usbd_reset
                0x10005760        0xc CMakeFiles/pwm_irq_uart.dir/C_/Users/taekg/OneDrive/Documents/Pico-v1.5.0/pico-sdk/lib/tinyusb/src/device/usbd.c.obj
 .text.invoke_class_control
                0x1000576c       0x1a CMakeFiles/pwm_irq_uart.dir/C_/Users/taekg/OneDrive/Documents/Pico-v1.5.0/pico-sdk/lib/tinyusb/src/device/usbd.c.obj
 *fill*         0x10005786        0x2 
 .text.process_set_config
                0x10005788      0x178 CMakeFiles/pwm_irq_uart.dir/C_/Users/taekg/OneDrive/Documents/Pico-v1.5.0/pico-sdk/lib/tinyusb/src/device/usbd.c.obj
 .text.process_get_descriptor
                0x10005900       0xdc CMakeFiles/pwm_irq_uart.dir/C_/Users/taekg/OneDrive/Documents/Pico-v1.5.0/pico-sdk/lib/tinyusb/src/device/usbd.c.obj
 .text.tud_mounted
                0x100059dc       0x10 CMakeFiles/pwm_irq_uart.dir/C_/Users/taekg/OneDrive/Documents/Pico-v1.5.0/pico-sdk/lib/tinyusb/src/device/usbd.c.obj
                0x100059dc                tud_mounted
 .text.tud_suspended
                0x100059ec       0x10 CMakeFiles/pwm_irq_uart.dir/C_/Users/taekg/OneDrive/Documents/Pico-v1.5.0/pico-sdk/lib/tinyusb/src/device/usbd.c.obj
                0x100059ec                tud_suspended
 .text.tud_inited
                0x100059fc       0x14 CMakeFiles/pwm_irq_uart.dir/C_/Users/taekg/OneDrive/Documents/Pico-v1.5.0/pico-sdk/lib/tinyusb/src/device/usbd.c.obj
                0x100059fc                tud_inited
 .text.tud_init
                0x10005a10       0xcc CMakeFiles/pwm_irq_uart.dir/C_/Users/taekg/OneDrive/Documents/Pico-v1.5.0/pico-sdk/lib/tinyusb/src/device/usbd.c.obj
                0x10005a10                tud_init
 .text.usbd_defer_func
                0x10005adc       0x2a CMakeFiles/pwm_irq_uart.dir/C_/Users/taekg/OneDrive/Documents/Pico-v1.5.0/pico-sdk/lib/tinyusb/src/device/usbd.c.obj
                0x10005adc                usbd_defer_func
 *fill*         0x10005b06        0x2 
 .text.usbd_edpt_open
                0x10005b08       0x34 CMakeFiles/pwm_irq_uart.dir/C_/Users/taekg/OneDrive/Documents/Pico-v1.5.0/pico-sdk/lib/tinyusb/src/device/usbd.c.obj
                0x10005b08                usbd_edpt_open
 .text.usbd_open_edpt_pair
                0x10005b3c       0x62 CMakeFiles/pwm_irq_uart.dir/C_/Users/taekg/OneDrive/Documents/Pico-v1.5.0/pico-sdk/lib/tinyusb/src/device/usbd.c.obj
                0x10005b3c                usbd_open_edpt_pair
 *fill*         0x10005b9e        0x2 
 .text.usbd_edpt_claim
                0x10005ba0       0x28 CMakeFiles/pwm_irq_uart.dir/C_/Users/taekg/OneDrive/Documents/Pico-v1.5.0/pico-sdk/lib/tinyusb/src/device/usbd.c.obj
                0x10005ba0                usbd_edpt_claim
 .text.usbd_edpt_release
                0x10005bc8       0x28 CMakeFiles/pwm_irq_uart.dir/C_/Users/taekg/OneDrive/Documents/Pico-v1.5.0/pico-sdk/lib/tinyusb/src/device/usbd.c.obj
                0x10005bc8                usbd_edpt_release
 .text.usbd_edpt_xfer
                0x10005bf0       0x78 CMakeFiles/pwm_irq_uart.dir/C_/Users/taekg/OneDrive/Documents/Pico-v1.5.0/pico-sdk/lib/tinyusb/src/device/usbd.c.obj
                0x10005bf0                usbd_edpt_xfer
 .text.usbd_edpt_stall
                0x10005c68       0x48 CMakeFiles/pwm_irq_uart.dir/C_/Users/taekg/OneDrive/Documents/Pico-v1.5.0/pico-sdk/lib/tinyusb/src/device/usbd.c.obj
                0x10005c68                usbd_edpt_stall
 .text.usbd_edpt_clear_stall
                0x10005cb0       0x48 CMakeFiles/pwm_irq_uart.dir/C_/Users/taekg/OneDrive/Documents/Pico-v1.5.0/pico-sdk/lib/tinyusb/src/device/usbd.c.obj
                0x10005cb0                usbd_edpt_clear_stall
 .text.usbd_edpt_stalled
                0x10005cf8       0x1c CMakeFiles/pwm_irq_uart.dir/C_/Users/taekg/OneDrive/Documents/Pico-v1.5.0/pico-sdk/lib/tinyusb/src/device/usbd.c.obj
                0x10005cf8                usbd_edpt_stalled
 .text.process_control_request
                0x10005d14      0x374 CMakeFiles/pwm_irq_uart.dir/C_/Users/taekg/OneDrive/Documents/Pico-v1.5.0/pico-sdk/lib/tinyusb/src/device/usbd.c.obj
 .text.tud_task_ext
                0x10006088      0x1b4 CMakeFiles/pwm_irq_uart.dir/C_/Users/taekg/OneDrive/Documents/Pico-v1.5.0/pico-sdk/lib/tinyusb/src/device/usbd.c.obj
                0x10006088                tud_task_ext
 .text._status_stage_xact
                0x1000623c       0x1a CMakeFiles/pwm_irq_uart.dir/C_/Users/taekg/OneDrive/Documents/Pico-v1.5.0/pico-sdk/lib/tinyusb/src/device/usbd_control.c.obj
 *fill*         0x10006256        0x2 
 .text._data_stage_xact
                0x10006258       0x58 CMakeFiles/pwm_irq_uart.dir/C_/Users/taekg/OneDrive/Documents/Pico-v1.5.0/pico-sdk/lib/tinyusb/src/device/usbd_control.c.obj
 .text.tud_control_status
                0x100062b0       0x28 CMakeFiles/pwm_irq_uart.dir/C_/Users/taekg/OneDrive/Documents/Pico-v1.5.0/pico-sdk/lib/tinyusb/src/device/usbd_control.c.obj
                0x100062b0                tud_control_status
 .text.tud_control_xfer
                0x100062d8       0x68 CMakeFiles/pwm_irq_uart.dir/C_/Users/taekg/OneDrive/Documents/Pico-v1.5.0/pico-sdk/lib/tinyusb/src/device/usbd_control.c.obj
                0x100062d8                tud_control_xfer
 .text.usbd_control_reset
                0x10006340       0x14 CMakeFiles/pwm_irq_uart.dir/C_/Users/taekg/OneDrive/Documents/Pico-v1.5.0/pico-sdk/lib/tinyusb/src/device/usbd_control.c.obj
                0x10006340                usbd_control_reset
 .text.usbd_control_set_complete_callback
                0x10006354        0xc CMakeFiles/pwm_irq_uart.dir/C_/Users/taekg/OneDrive/Documents/Pico-v1.5.0/pico-sdk/lib/tinyusb/src/device/usbd_control.c.obj
                0x10006354                usbd_control_set_complete_callback
 .text.usbd_control_set_request
                0x10006360       0x1c CMakeFiles/pwm_irq_uart.dir/C_/Users/taekg/OneDrive/Documents/Pico-v1.5.0/pico-sdk/lib/tinyusb/src/device/usbd_control.c.obj
                0x10006360                usbd_control_set_request
 .text.usbd_control_xfer_cb
                0x1000637c       0xbc CMakeFiles/pwm_irq_uart.dir/C_/Users/taekg/OneDrive/Documents/Pico-v1.5.0/pico-sdk/lib/tinyusb/src/device/usbd_control.c.obj
                0x1000637c                usbd_control_xfer_cb
 .text._prep_out_transaction
                0x10006438       0x4a CMakeFiles/pwm_irq_uart.dir/C_/Users/taekg/OneDrive/Documents/Pico-v1.5.0/pico-sdk/lib/tinyusb/src/class/cdc/cdc_device.c.obj
 *fill*         0x10006482        0x2 
 .text.tud_cdc_n_connected
                0x10006484       0x38 CMakeFiles/pwm_irq_uart.dir/C_/Users/taekg/OneDrive/Documents/Pico-v1.5.0/pico-sdk/lib/tinyusb/src/class/cdc/cdc_device.c.obj
                0x10006484                tud_cdc_n_connected
 .text.tud_cdc_n_available
                0x100064bc       0x18 CMakeFiles/pwm_irq_uart.dir/C_/Users/taekg/OneDrive/Documents/Pico-v1.5.0/pico-sdk/lib/tinyusb/src/class/cdc/cdc_device.c.obj
                0x100064bc                tud_cdc_n_available
 .text.tud_cdc_n_read
                0x100064d4       0x28 CMakeFiles/pwm_irq_uart.dir/C_/Users/taekg/OneDrive/Documents/Pico-v1.5.0/pico-sdk/lib/tinyusb/src/class/cdc/cdc_device.c.obj
                0x100064d4                tud_cdc_n_read
 .text.tud_cdc_n_write_flush
                0x100064fc       0xb8 CMakeFiles/pwm_irq_uart.dir/C_/Users/taekg/OneDrive/Documents/Pico-v1.5.0/pico-sdk/lib/tinyusb/src/class/cdc/cdc_device.c.obj
                0x100064fc                tud_cdc_n_write_flush
 .text.tud_cdc_n_write
                0x100065b4       0x38 CMakeFiles/pwm_irq_uart.dir/C_/Users/taekg/OneDrive/Documents/Pico-v1.5.0/pico-sdk/lib/tinyusb/src/class/cdc/cdc_device.c.obj
                0x100065b4                tud_cdc_n_write
 .text.tud_cdc_n_write_available
                0x100065ec       0x1c CMakeFiles/pwm_irq_uart.dir/C_/Users/taekg/OneDrive/Documents/Pico-v1.5.0/pico-sdk/lib/tinyusb/src/class/cdc/cdc_device.c.obj
                0x100065ec                tud_cdc_n_write_available
 .text.cdcd_init
                0x10006608       0xbc CMakeFiles/pwm_irq_uart.dir/C_/Users/taekg/OneDrive/Documents/Pico-v1.5.0/pico-sdk/lib/tinyusb/src/class/cdc/cdc_device.c.obj
                0x10006608                cdcd_init
 .text.cdcd_reset
                0x100066c4       0x44 CMakeFiles/pwm_irq_uart.dir/C_/Users/taekg/OneDrive/Documents/Pico-v1.5.0/pico-sdk/lib/tinyusb/src/class/cdc/cdc_device.c.obj
                0x100066c4                cdcd_reset
 .text.cdcd_open
                0x10006708       0xc4 CMakeFiles/pwm_irq_uart.dir/C_/Users/taekg/OneDrive/Documents/Pico-v1.5.0/pico-sdk/lib/tinyusb/src/class/cdc/cdc_device.c.obj
                0x10006708                cdcd_open
 .text.cdcd_control_xfer_cb
                0x100067cc      0x134 CMakeFiles/pwm_irq_uart.dir/C_/Users/taekg/OneDrive/Documents/Pico-v1.5.0/pico-sdk/lib/tinyusb/src/class/cdc/cdc_device.c.obj
                0x100067cc                cdcd_control_xfer_cb
 .text.cdcd_xfer_cb
                0x10006900      0x130 CMakeFiles/pwm_irq_uart.dir/C_/Users/taekg/OneDrive/Documents/Pico-v1.5.0/pico-sdk/lib/tinyusb/src/class/cdc/cdc_device.c.obj
                0x10006900                cdcd_xfer_cb
 .text.tusb_init
                0x10006a30        0xa CMakeFiles/pwm_irq_uart.dir/C_/Users/taekg/OneDrive/Documents/Pico-v1.5.0/pico-sdk/lib/tinyusb/src/tusb.c.obj
                0x10006a30                tusb_init
 .text.tusb_inited
                0x10006a3a        0xe CMakeFiles/pwm_irq_uart.dir/C_/Users/taekg/OneDrive/Documents/Pico-v1.5.0/pico-sdk/lib/tinyusb/src/tusb.c.obj
                0x10006a3a                tusb_inited
 .text.tu_edpt_claim
                0x10006a48       0x50 CMakeFiles/pwm_irq_uart.dir/C_/Users/taekg/OneDrive/Documents/Pico-v1.5.0/pico-sdk/lib/tinyusb/src/tusb.c.obj
                0x10006a48                tu_edpt_claim
 .text.tu_edpt_release
                0x10006a98       0x38 CMakeFiles/pwm_irq_uart.dir/C_/Users/taekg/OneDrive/Documents/Pico-v1.5.0/pico-sdk/lib/tinyusb/src/tusb.c.obj
                0x10006a98                tu_edpt_release
 .text.tu_edpt_validate
                0x10006ad0       0x78 CMakeFiles/pwm_irq_uart.dir/C_/Users/taekg/OneDrive/Documents/Pico-v1.5.0/pico-sdk/lib/tinyusb/src/tusb.c.obj
                0x10006ad0                tu_edpt_validate
 .text.tu_edpt_bind_driver
                0x10006b48       0x26 CMakeFiles/pwm_irq_uart.dir/C_/Users/taekg/OneDrive/Documents/Pico-v1.5.0/pico-sdk/lib/tinyusb/src/tusb.c.obj
                0x10006b48                tu_edpt_bind_driver
 .text.advance_index
                0x10006b6e       0x1a CMakeFiles/pwm_irq_uart.dir/C_/Users/taekg/OneDrive/Documents/Pico-v1.5.0/pico-sdk/lib/tinyusb/src/common/tusb_fifo.c.obj
 .text._tu_fifo_peek
                0x10006b88       0x56 CMakeFiles/pwm_irq_uart.dir/C_/Users/taekg/OneDrive/Documents/Pico-v1.5.0/pico-sdk/lib/tinyusb/src/common/tusb_fifo.c.obj
 .text._ff_pull_const_addr
                0x10006bde       0x4c CMakeFiles/pwm_irq_uart.dir/C_/Users/taekg/OneDrive/Documents/Pico-v1.5.0/pico-sdk/lib/tinyusb/src/common/tusb_fifo.c.obj
 .text._ff_pull_n
                0x10006c2a      0x110 CMakeFiles/pwm_irq_uart.dir/C_/Users/taekg/OneDrive/Documents/Pico-v1.5.0/pico-sdk/lib/tinyusb/src/common/tusb_fifo.c.obj
 .text._tu_fifo_peek_n
                0x10006d3a       0x6a CMakeFiles/pwm_irq_uart.dir/C_/Users/taekg/OneDrive/Documents/Pico-v1.5.0/pico-sdk/lib/tinyusb/src/common/tusb_fifo.c.obj
 .text._tu_fifo_read_n
                0x10006da4       0x4e CMakeFiles/pwm_irq_uart.dir/C_/Users/taekg/OneDrive/Documents/Pico-v1.5.0/pico-sdk/lib/tinyusb/src/common/tusb_fifo.c.obj
 .text._ff_push_const_addr
                0x10006df2       0x40 CMakeFiles/pwm_irq_uart.dir/C_/Users/taekg/OneDrive/Documents/Pico-v1.5.0/pico-sdk/lib/tinyusb/src/common/tusb_fifo.c.obj
 .text._ff_push_n
                0x10006e32      0x10c CMakeFiles/pwm_irq_uart.dir/C_/Users/taekg/OneDrive/Documents/Pico-v1.5.0/pico-sdk/lib/tinyusb/src/common/tusb_fifo.c.obj
 .text._tu_fifo_write_n
                0x10006f3e       0xf0 CMakeFiles/pwm_irq_uart.dir/C_/Users/taekg/OneDrive/Documents/Pico-v1.5.0/pico-sdk/lib/tinyusb/src/common/tusb_fifo.c.obj
 .text.tu_fifo_config
                0x1000702e       0x7c CMakeFiles/pwm_irq_uart.dir/C_/Users/taekg/OneDrive/Documents/Pico-v1.5.0/pico-sdk/lib/tinyusb/src/common/tusb_fifo.c.obj
                0x1000702e                tu_fifo_config
 .text.tu_fifo_count
                0x100070aa       0x2a CMakeFiles/pwm_irq_uart.dir/C_/Users/taekg/OneDrive/Documents/Pico-v1.5.0/pico-sdk/lib/tinyusb/src/common/tusb_fifo.c.obj
                0x100070aa                tu_fifo_count
 .text.tu_fifo_empty
                0x100070d4        0xe CMakeFiles/pwm_irq_uart.dir/C_/Users/taekg/OneDrive/Documents/Pico-v1.5.0/pico-sdk/lib/tinyusb/src/common/tusb_fifo.c.obj
                0x100070d4                tu_fifo_empty
 .text.tu_fifo_full
                0x100070e2       0x28 CMakeFiles/pwm_irq_uart.dir/C_/Users/taekg/OneDrive/Documents/Pico-v1.5.0/pico-sdk/lib/tinyusb/src/common/tusb_fifo.c.obj
                0x100070e2                tu_fifo_full
 .text.tu_fifo_remaining
                0x1000710a       0x2c CMakeFiles/pwm_irq_uart.dir/C_/Users/taekg/OneDrive/Documents/Pico-v1.5.0/pico-sdk/lib/tinyusb/src/common/tusb_fifo.c.obj
                0x1000710a                tu_fifo_remaining
 .text.tu_fifo_read
                0x10007136       0x42 CMakeFiles/pwm_irq_uart.dir/C_/Users/taekg/OneDrive/Documents/Pico-v1.5.0/pico-sdk/lib/tinyusb/src/common/tusb_fifo.c.obj
                0x10007136                tu_fifo_read
 .text.tu_fifo_read_n
                0x10007178        0xa CMakeFiles/pwm_irq_uart.dir/C_/Users/taekg/OneDrive/Documents/Pico-v1.5.0/pico-sdk/lib/tinyusb/src/common/tusb_fifo.c.obj
                0x10007178                tu_fifo_read_n
 .text.tu_fifo_write
                0x10007182       0x64 CMakeFiles/pwm_irq_uart.dir/C_/Users/taekg/OneDrive/Documents/Pico-v1.5.0/pico-sdk/lib/tinyusb/src/common/tusb_fifo.c.obj
                0x10007182                tu_fifo_write
 .text.tu_fifo_write_n
                0x100071e6        0xa CMakeFiles/pwm_irq_uart.dir/C_/Users/taekg/OneDrive/Documents/Pico-v1.5.0/pico-sdk/lib/tinyusb/src/common/tusb_fifo.c.obj
                0x100071e6                tu_fifo_write_n
 .text.tu_fifo_clear
                0x100071f0       0x3e CMakeFiles/pwm_irq_uart.dir/C_/Users/taekg/OneDrive/Documents/Pico-v1.5.0/pico-sdk/lib/tinyusb/src/common/tusb_fifo.c.obj
                0x100071f0                tu_fifo_clear
 .text.tu_fifo_set_overwritable
                0x1000722e       0x46 CMakeFiles/pwm_irq_uart.dir/C_/Users/taekg/OneDrive/Documents/Pico-v1.5.0/pico-sdk/lib/tinyusb/src/common/tusb_fifo.c.obj
                0x1000722e                tu_fifo_set_overwritable
 .text.strlen   0x10007274       0x5c c:/progra~2/armgnu~1/12977f~1.2mp/bin/../lib/gcc/arm-none-eabi/12.2.1/thumb/v6-m/nofp\libg.a(libc_a-strlen-stub.o)
                0x10007274                strlen
 *(.fini)
 .fini          0x100072d0        0x4 c:/progra~2/armgnu~1/12977f~1.2mp/bin/../lib/gcc/arm-none-eabi/12.2.1/thumb/v6-m/nofp/crti.o
                0x100072d0                _fini
 *fill*         0x100072d4        0x4 
 .fini.__stub   0x100072d8       0xe0 linker stubs
 *crtbegin.o(.ctors)
 *crtbegin?.o(.ctors)
 *(EXCLUDE_FILE(*crtend.o *crtend?.o) .ctors)
 *(SORT_BY_NAME(.ctors.*))
 *(.ctors)
 *crtbegin.o(.dtors)
 *crtbegin?.o(.dtors)
 *(EXCLUDE_FILE(*crtend.o *crtend?.o) .dtors)
 *(SORT_BY_NAME(.dtors.*))
 *(.dtors)
 *(.eh_frame*)
 .eh_frame      0x100073b8        0x0 c:/progra~2/armgnu~1/12977f~1.2mp/bin/../lib/gcc/arm-none-eabi/12.2.1/thumb/v6-m/nofp/crtbegin.o
                0x100073b8                        . = ALIGN (0x4)

.glue_7         0x100073b8        0x0
 .glue_7        0x100073b8        0x0 linker stubs

.glue_7t        0x100073b8        0x0
 .glue_7t       0x100073b8        0x0 linker stubs

.vfp11_veneer   0x100073b8        0x0
 .vfp11_veneer  0x100073b8        0x0 linker stubs

.v4_bx          0x100073b8        0x0
 .v4_bx         0x100073b8        0x0 linker stubs

.iplt           0x100073b8        0x0
 .iplt          0x100073b8        0x0 c:/progra~2/armgnu~1/12977f~1.2mp/bin/../lib/gcc/arm-none-eabi/12.2.1/thumb/v6-m/nofp/crtbegin.o

.rodata         0x100073b8     0x181c
 *(EXCLUDE_FILE(*libm.a: *libc.a:*lib_a-mem*.o *libgcc.a:) .rodata*)
 .rodata.main.str1.4
                0x100073b8       0x99 CMakeFiles/pwm_irq_uart.dir/pwm_irq_uart.c.obj
 *fill*         0x10007451        0x3 
 .rodata.spin_lock_claim_unused.str1.4
                0x10007454       0x1b CMakeFiles/pwm_irq_uart.dir/C_/Users/taekg/OneDrive/Documents/Pico-v1.5.0/pico-sdk/src/rp2_common/hardware_sync/sync.c.obj
 *fill*         0x1000746f        0x1 
 .rodata.resolve_branch.str1.4
                0x10007470       0x71 CMakeFiles/pwm_irq_uart.dir/C_/Users/taekg/OneDrive/Documents/Pico-v1.5.0/pico-sdk/src/rp2_common/hardware_irq/irq.c.obj
 *fill*         0x100074e1        0x3 
 .rodata.make_branch.str1.4
                0x100074e4       0x30 CMakeFiles/pwm_irq_uart.dir/C_/Users/taekg/OneDrive/Documents/Pico-v1.5.0/pico-sdk/src/rp2_common/hardware_irq/irq.c.obj
 .rodata.insert_branch_and_link.str1.4
                0x10007514       0x10 CMakeFiles/pwm_irq_uart.dir/C_/Users/taekg/OneDrive/Documents/Pico-v1.5.0/pico-sdk/src/rp2_common/hardware_irq/irq.c.obj
 .rodata.irq_set_exclusive_handler.str1.4
                0x10007524       0x36 CMakeFiles/pwm_irq_uart.dir/C_/Users/taekg/OneDrive/Documents/Pico-v1.5.0/pico-sdk/src/rp2_common/hardware_irq/irq.c.obj
 *fill*         0x1000755a        0x2 
 .rodata.irq_add_shared_handler.str1.4
                0x1000755c       0xc2 CMakeFiles/pwm_irq_uart.dir/C_/Users/taekg/OneDrive/Documents/Pico-v1.5.0/pico-sdk/src/rp2_common/hardware_irq/irq.c.obj
 *fill*         0x1000761e        0x2 
 .rodata.irq_remove_handler.str1.4
                0x10007620       0x3a CMakeFiles/pwm_irq_uart.dir/C_/Users/taekg/OneDrive/Documents/Pico-v1.5.0/pico-sdk/src/rp2_common/hardware_irq/irq.c.obj
 *fill*         0x1000765a        0x2 
 .rodata.irq_add_tail_to_free_list.str1.4
                0x1000765c       0x3a CMakeFiles/pwm_irq_uart.dir/C_/Users/taekg/OneDrive/Documents/Pico-v1.5.0/pico-sdk/src/rp2_common/hardware_irq/irq.c.obj
 *fill*         0x10007696        0x2 
 .rodata.user_irq_claim_unused.str1.4
                0x10007698       0x1b CMakeFiles/pwm_irq_uart.dir/C_/Users/taekg/OneDrive/Documents/Pico-v1.5.0/pico-sdk/src/rp2_common/hardware_irq/irq.c.obj
 *fill*         0x100076b3        0x1 
 .rodata.__func__.0
                0x100076b4       0x1a CMakeFiles/pwm_irq_uart.dir/C_/Users/taekg/OneDrive/Documents/Pico-v1.5.0/pico-sdk/src/rp2_common/hardware_irq/irq.c.obj
 *fill*         0x100076ce        0x2 
 .rodata.__func__.1
                0x100076d0       0x17 CMakeFiles/pwm_irq_uart.dir/C_/Users/taekg/OneDrive/Documents/Pico-v1.5.0/pico-sdk/src/rp2_common/hardware_irq/irq.c.obj
 *fill*         0x100076e7        0x1 
 .rodata.__func__.2
                0x100076e8       0x13 CMakeFiles/pwm_irq_uart.dir/C_/Users/taekg/OneDrive/Documents/Pico-v1.5.0/pico-sdk/src/rp2_common/hardware_irq/irq.c.obj
 *fill*         0x100076fb        0x1 
 .rodata.__func__.3
                0x100076fc        0xc CMakeFiles/pwm_irq_uart.dir/C_/Users/taekg/OneDrive/Documents/Pico-v1.5.0/pico-sdk/src/rp2_common/hardware_irq/irq.c.obj
 .rodata.__func__.4
                0x10007708        0xf CMakeFiles/pwm_irq_uart.dir/C_/Users/taekg/OneDrive/Documents/Pico-v1.5.0/pico-sdk/src/rp2_common/hardware_irq/irq.c.obj
 *fill*         0x10007717        0x1 
 .rodata.__func__.5
                0x10007718       0x17 CMakeFiles/pwm_irq_uart.dir/C_/Users/taekg/OneDrive/Documents/Pico-v1.5.0/pico-sdk/src/rp2_common/hardware_irq/irq.c.obj
 *fill*         0x1000772f        0x1 
 .rodata.__func__.6
                0x10007730       0x1a CMakeFiles/pwm_irq_uart.dir/C_/Users/taekg/OneDrive/Documents/Pico-v1.5.0/pico-sdk/src/rp2_common/hardware_irq/irq.c.obj
 *fill*         0x1000774a        0x2 
 .rodata.update_us_since_boot.str1.4
                0x1000774c       0x7d CMakeFiles/pwm_irq_uart.dir/C_/Users/taekg/OneDrive/Documents/Pico-v1.5.0/pico-sdk/src/common/pico_sync/mutex.c.obj
 *fill*         0x100077c9        0x3 
 .rodata.str1.4
                0x100077cc       0xa5 CMakeFiles/pwm_irq_uart.dir/C_/Users/taekg/OneDrive/Documents/Pico-v1.5.0/pico-sdk/src/common/pico_sync/mutex.c.obj
 *fill*         0x10007871        0x3 
 .rodata.__func__.1
                0x10007874        0xb CMakeFiles/pwm_irq_uart.dir/C_/Users/taekg/OneDrive/Documents/Pico-v1.5.0/pico-sdk/src/common/pico_sync/mutex.c.obj
 *fill*         0x1000787f        0x1 
 .rodata.__func__.3
                0x10007880       0x18 CMakeFiles/pwm_irq_uart.dir/C_/Users/taekg/OneDrive/Documents/Pico-v1.5.0/pico-sdk/src/common/pico_sync/mutex.c.obj
 .rodata.__func__.4
                0x10007898       0x15 CMakeFiles/pwm_irq_uart.dir/C_/Users/taekg/OneDrive/Documents/Pico-v1.5.0/pico-sdk/src/common/pico_sync/mutex.c.obj
 *fill*         0x100078ad        0x3 
 .rodata.get_entry.str1.4
                0x100078b0       0x77 CMakeFiles/pwm_irq_uart.dir/C_/Users/taekg/OneDrive/Documents/Pico-v1.5.0/pico-sdk/src/common/pico_time/time.c.obj
 .rodata.update_us_since_boot.str1.4
                0x10007927       0x7d CMakeFiles/pwm_irq_uart.dir/C_/Users/taekg/OneDrive/Documents/Pico-v1.5.0/pico-sdk/src/common/pico_time/time.c.obj
 *fill*         0x10007927        0x1 
 .rodata.ph_get_node.str1.4
                0x10007928       0x82 CMakeFiles/pwm_irq_uart.dir/C_/Users/taekg/OneDrive/Documents/Pico-v1.5.0/pico-sdk/src/common/pico_time/time.c.obj
 *fill*         0x100079aa        0x2 
 .rodata.ph_add_child_node.str1.4
                0x100079ac       0x2e CMakeFiles/pwm_irq_uart.dir/C_/Users/taekg/OneDrive/Documents/Pico-v1.5.0/pico-sdk/src/common/pico_time/time.c.obj
 *fill*         0x100079da        0x2 
 .rodata.ph_insert_node.str1.4
                0x100079dc        0x3 CMakeFiles/pwm_irq_uart.dir/C_/Users/taekg/OneDrive/Documents/Pico-v1.5.0/pico-sdk/src/common/pico_time/time.c.obj
 *fill*         0x100079df        0x1 
 .rodata.ph_free_node.str1.4
                0x100079e0       0x38 CMakeFiles/pwm_irq_uart.dir/C_/Users/taekg/OneDrive/Documents/Pico-v1.5.0/pico-sdk/src/common/pico_time/time.c.obj
 .rodata.add_alarm_under_lock.str1.4
                0x10007a18       0x28 CMakeFiles/pwm_irq_uart.dir/C_/Users/taekg/OneDrive/Documents/Pico-v1.5.0/pico-sdk/src/common/pico_time/time.c.obj
 .rodata.alarm_pool_alarm_callback.str1.4
                0x10007a40       0x60 CMakeFiles/pwm_irq_uart.dir/C_/Users/taekg/OneDrive/Documents/Pico-v1.5.0/pico-sdk/src/common/pico_time/time.c.obj
 .rodata.alarm_pool_get_default.str1.4
                0x10007aa0       0x21 CMakeFiles/pwm_irq_uart.dir/C_/Users/taekg/OneDrive/Documents/Pico-v1.5.0/pico-sdk/src/common/pico_time/time.c.obj
 *fill*         0x10007ac1        0x3 
 .rodata.alarm_pool_cancel_alarm.str1.4
                0x10007ac4       0x27 CMakeFiles/pwm_irq_uart.dir/C_/Users/taekg/OneDrive/Documents/Pico-v1.5.0/pico-sdk/src/common/pico_time/time.c.obj
 *fill*         0x10007aeb        0x1 
 .rodata.__func__.1
                0x10007aec       0x18 CMakeFiles/pwm_irq_uart.dir/C_/Users/taekg/OneDrive/Documents/Pico-v1.5.0/pico-sdk/src/common/pico_time/time.c.obj
 .rodata.__func__.3
                0x10007b04       0x17 CMakeFiles/pwm_irq_uart.dir/C_/Users/taekg/OneDrive/Documents/Pico-v1.5.0/pico-sdk/src/common/pico_time/time.c.obj
 *fill*         0x10007b1b        0x1 
 .rodata.__func__.4
                0x10007b1c       0x12 CMakeFiles/pwm_irq_uart.dir/C_/Users/taekg/OneDrive/Documents/Pico-v1.5.0/pico-sdk/src/common/pico_time/time.c.obj
 *fill*         0x10007b2e        0x2 
 .rodata.__func__.5
                0x10007b30        0xd CMakeFiles/pwm_irq_uart.dir/C_/Users/taekg/OneDrive/Documents/Pico-v1.5.0/pico-sdk/src/common/pico_time/time.c.obj
 *fill*         0x10007b3d        0x3 
 .rodata.__func__.6
                0x10007b40       0x12 CMakeFiles/pwm_irq_uart.dir/C_/Users/taekg/OneDrive/Documents/Pico-v1.5.0/pico-sdk/src/common/pico_time/time.c.obj
 *fill*         0x10007b52        0x2 
 .rodata.__func__.7
                0x10007b54        0xf CMakeFiles/pwm_irq_uart.dir/C_/Users/taekg/OneDrive/Documents/Pico-v1.5.0/pico-sdk/src/common/pico_time/time.c.obj
 *fill*         0x10007b63        0x1 
 .rodata.__func__.8
                0x10007b64        0xc CMakeFiles/pwm_irq_uart.dir/C_/Users/taekg/OneDrive/Documents/Pico-v1.5.0/pico-sdk/src/common/pico_time/time.c.obj
 .rodata.__func__.9
                0x10007b70       0x15 CMakeFiles/pwm_irq_uart.dir/C_/Users/taekg/OneDrive/Documents/Pico-v1.5.0/pico-sdk/src/common/pico_time/time.c.obj
 *fill*         0x10007b85        0x3 
 .rodata.__func__.10
                0x10007b88       0x15 CMakeFiles/pwm_irq_uart.dir/C_/Users/taekg/OneDrive/Documents/Pico-v1.5.0/pico-sdk/src/common/pico_time/time.c.obj
 *fill*         0x10007b9d        0x3 
 .rodata.__func__.11
                0x10007ba0       0x1a CMakeFiles/pwm_irq_uart.dir/C_/Users/taekg/OneDrive/Documents/Pico-v1.5.0/pico-sdk/src/common/pico_time/time.c.obj
 *fill*         0x10007bba        0x2 
 .rodata.__func__.12
                0x10007bbc        0xa CMakeFiles/pwm_irq_uart.dir/C_/Users/taekg/OneDrive/Documents/Pico-v1.5.0/pico-sdk/src/common/pico_time/time.c.obj
 *fill*         0x10007bc6        0x2 
 .rodata.at_the_end_of_time
                0x10007bc8        0x8 CMakeFiles/pwm_irq_uart.dir/C_/Users/taekg/OneDrive/Documents/Pico-v1.5.0/pico-sdk/src/common/pico_time/time.c.obj
                0x10007bc8                at_the_end_of_time
 .rodata.update_us_since_boot.str1.4
                0x10007bd0       0x7d CMakeFiles/pwm_irq_uart.dir/C_/Users/taekg/OneDrive/Documents/Pico-v1.5.0/pico-sdk/src/rp2_common/hardware_timer/timer.c.obj
 .rodata.hardware_alarm_claim.str1.4
                0x10007bd0       0x22 CMakeFiles/pwm_irq_uart.dir/C_/Users/taekg/OneDrive/Documents/Pico-v1.5.0/pico-sdk/src/rp2_common/hardware_timer/timer.c.obj
 *fill*         0x10007bf2        0x2 
 .rodata.hardware_alarm_set_target.str1.4
                0x10007bf4       0x81 CMakeFiles/pwm_irq_uart.dir/C_/Users/taekg/OneDrive/Documents/Pico-v1.5.0/pico-sdk/src/rp2_common/hardware_timer/timer.c.obj
 *fill*         0x10007c75        0x3 
 .rodata.__func__.0
                0x10007c78       0x1a CMakeFiles/pwm_irq_uart.dir/C_/Users/taekg/OneDrive/Documents/Pico-v1.5.0/pico-sdk/src/rp2_common/hardware_timer/timer.c.obj
 *fill*         0x10007c92        0x2 
 .rodata.__func__.1
                0x10007c94       0x15 CMakeFiles/pwm_irq_uart.dir/C_/Users/taekg/OneDrive/Documents/Pico-v1.5.0/pico-sdk/src/rp2_common/hardware_timer/timer.c.obj
 .rodata.ph_get_node.str1.4
                0x10007ca9       0x82 CMakeFiles/pwm_irq_uart.dir/C_/Users/taekg/OneDrive/Documents/Pico-v1.5.0/pico-sdk/src/common/pico_util/pheap.c.obj
 .rodata.ph_add_child_node.str1.4
                0x10007ca9       0x2e CMakeFiles/pwm_irq_uart.dir/C_/Users/taekg/OneDrive/Documents/Pico-v1.5.0/pico-sdk/src/common/pico_util/pheap.c.obj
 *fill*         0x10007ca9        0x3 
 .rodata.ph_remove_any_head.str1.4
                0x10007cac       0xa8 CMakeFiles/pwm_irq_uart.dir/C_/Users/taekg/OneDrive/Documents/Pico-v1.5.0/pico-sdk/src/common/pico_util/pheap.c.obj
                                 0xbc (size before relaxing)
 .rodata.ph_remove_and_free_node.str1.4
                0x10007d54       0x1e CMakeFiles/pwm_irq_uart.dir/C_/Users/taekg/OneDrive/Documents/Pico-v1.5.0/pico-sdk/src/common/pico_util/pheap.c.obj
                                 0x26 (size before relaxing)
 *fill*         0x10007d72        0x2 
 .rodata.__func__.0
                0x10007d74       0x18 CMakeFiles/pwm_irq_uart.dir/C_/Users/taekg/OneDrive/Documents/Pico-v1.5.0/pico-sdk/src/common/pico_util/pheap.c.obj
 .rodata.__func__.1
                0x10007d8c       0x13 CMakeFiles/pwm_irq_uart.dir/C_/Users/taekg/OneDrive/Documents/Pico-v1.5.0/pico-sdk/src/common/pico_util/pheap.c.obj
 *fill*         0x10007d9f        0x1 
 .rodata.__func__.2
                0x10007da0       0x12 CMakeFiles/pwm_irq_uart.dir/C_/Users/taekg/OneDrive/Documents/Pico-v1.5.0/pico-sdk/src/common/pico_util/pheap.c.obj
 *fill*         0x10007db2        0x2 
 .rodata.__func__.3
                0x10007db4        0xc CMakeFiles/pwm_irq_uart.dir/C_/Users/taekg/OneDrive/Documents/Pico-v1.5.0/pico-sdk/src/common/pico_util/pheap.c.obj
 .rodata.clock_configure.str1.4
                0x10007dc0       0x73 CMakeFiles/pwm_irq_uart.dir/C_/Users/taekg/OneDrive/Documents/Pico-v1.5.0/pico-sdk/src/rp2_common/hardware_clocks/clocks.c.obj
 *fill*         0x10007e33        0x1 
 .rodata.__func__.1
                0x10007e34       0x10 CMakeFiles/pwm_irq_uart.dir/C_/Users/taekg/OneDrive/Documents/Pico-v1.5.0/pico-sdk/src/rp2_common/hardware_clocks/clocks.c.obj
 .rodata.pll_init.str1.4
                0x10007e44      0x13f CMakeFiles/pwm_irq_uart.dir/C_/Users/taekg/OneDrive/Documents/Pico-v1.5.0/pico-sdk/src/rp2_common/hardware_pll/pll.c.obj
 *fill*         0x10007f83        0x1 
 .rodata.__func__.0
                0x10007f84        0x9 CMakeFiles/pwm_irq_uart.dir/C_/Users/taekg/OneDrive/Documents/Pico-v1.5.0/pico-sdk/src/rp2_common/hardware_pll/pll.c.obj
 *fill*         0x10007f8d        0x3 
 .rodata.__assert_func.str1.4
                0x10007f90       0x3f CMakeFiles/pwm_irq_uart.dir/C_/Users/taekg/OneDrive/Documents/Pico-v1.5.0/pico-sdk/src/rp2_common/pico_runtime/runtime.c.obj
                                 0x43 (size before relaxing)
 *fill*         0x10007fcf        0x1 
 .rodata.runtime_init.str1.4
                0x10007fd0       0x7d CMakeFiles/pwm_irq_uart.dir/C_/Users/taekg/OneDrive/Documents/Pico-v1.5.0/pico-sdk/src/rp2_common/pico_runtime/runtime.c.obj
 *fill*         0x1000804d        0x3 
 .rodata.panic.str1.4
                0x10008050       0x10 CMakeFiles/pwm_irq_uart.dir/C_/Users/taekg/OneDrive/Documents/Pico-v1.5.0/pico-sdk/src/rp2_common/pico_runtime/runtime.c.obj
                                 0x12 (size before relaxing)
 .rodata.__func__.2
                0x10008060        0xd CMakeFiles/pwm_irq_uart.dir/C_/Users/taekg/OneDrive/Documents/Pico-v1.5.0/pico-sdk/src/rp2_common/pico_runtime/runtime.c.obj
 *fill*         0x1000806d        0x3 
 .rodata._ftoa.str1.4
                0x10008070       0x15 CMakeFiles/pwm_irq_uart.dir/C_/Users/taekg/OneDrive/Documents/Pico-v1.5.0/pico-sdk/src/rp2_common/pico_printf/printf.c.obj
 *fill*         0x10008085        0x3 
 .rodata._vsnprintf
                0x10008088      0x19c CMakeFiles/pwm_irq_uart.dir/C_/Users/taekg/OneDrive/Documents/Pico-v1.5.0/pico-sdk/src/rp2_common/pico_printf/printf.c.obj
 *fill*         0x10008224        0x4 
 .rodata.pow10.0
                0x10008228       0x50 CMakeFiles/pwm_irq_uart.dir/C_/Users/taekg/OneDrive/Documents/Pico-v1.5.0/pico-sdk/src/rp2_common/pico_printf/printf.c.obj
 .rodata.__aeabi_double_init.str1.4
                0x10008278       0xc4 CMakeFiles/pwm_irq_uart.dir/C_/Users/taekg/OneDrive/Documents/Pico-v1.5.0/pico-sdk/src/rp2_common/pico_double/double_init_rom.c.obj
 .rodata.__func__.0
                0x1000833c       0x14 CMakeFiles/pwm_irq_uart.dir/C_/Users/taekg/OneDrive/Documents/Pico-v1.5.0/pico-sdk/src/rp2_common/pico_double/double_init_rom.c.obj
 .rodata.__aeabi_float_init.str1.4
                0x10008350       0x96 CMakeFiles/pwm_irq_uart.dir/C_/Users/taekg/OneDrive/Documents/Pico-v1.5.0/pico-sdk/src/rp2_common/pico_float/float_init_rom.c.obj
                                 0x9a (size before relaxing)
 *fill*         0x100083e6        0x2 
 .rodata.__func__.0
                0x100083e8       0x13 CMakeFiles/pwm_irq_uart.dir/C_/Users/taekg/OneDrive/Documents/Pico-v1.5.0/pico-sdk/src/rp2_common/pico_float/float_init_rom.c.obj
 *fill*         0x100083fb        0x1 
 .rodata.str1.4
                0x100083fc       0x44 CMakeFiles/pwm_irq_uart.dir/C_/Users/taekg/OneDrive/Documents/Pico-v1.5.0/pico-sdk/src/rp2_common/pico_standard_link/binary_info.c.obj
 .rodata.__bi_81
                0x10008440        0xc CMakeFiles/pwm_irq_uart.dir/C_/Users/taekg/OneDrive/Documents/Pico-v1.5.0/pico-sdk/src/rp2_common/pico_standard_link/binary_info.c.obj
 .rodata.__bi_75
                0x1000844c        0xc CMakeFiles/pwm_irq_uart.dir/C_/Users/taekg/OneDrive/Documents/Pico-v1.5.0/pico-sdk/src/rp2_common/pico_standard_link/binary_info.c.obj
 .rodata.__bi_44
                0x10008458        0xc CMakeFiles/pwm_irq_uart.dir/C_/Users/taekg/OneDrive/Documents/Pico-v1.5.0/pico-sdk/src/rp2_common/pico_standard_link/binary_info.c.obj
 .rodata.update_us_since_boot.str1.4
                0x10008464       0x7d CMakeFiles/pwm_irq_uart.dir/C_/Users/taekg/OneDrive/Documents/Pico-v1.5.0/pico-sdk/src/rp2_common/pico_stdio/stdio.c.obj
 .rodata.__wrap_getchar.str1.4
                0x10008464       0x65 CMakeFiles/pwm_irq_uart.dir/C_/Users/taekg/OneDrive/Documents/Pico-v1.5.0/pico-sdk/src/rp2_common/pico_stdio/stdio.c.obj
 .rodata.getchar_timeout_us.str1.4
                0x100084c9        0x3 CMakeFiles/pwm_irq_uart.dir/C_/Users/taekg/OneDrive/Documents/Pico-v1.5.0/pico-sdk/src/rp2_common/pico_stdio/stdio.c.obj
 *fill*         0x100084c9        0x3 
 .rodata.__func__.0
                0x100084cc       0x13 CMakeFiles/pwm_irq_uart.dir/C_/Users/taekg/OneDrive/Documents/Pico-v1.5.0/pico-sdk/src/rp2_common/pico_stdio/stdio.c.obj
 *fill*         0x100084df        0x1 
 .rodata.__func__.1
                0x100084e0        0xf CMakeFiles/pwm_irq_uart.dir/C_/Users/taekg/OneDrive/Documents/Pico-v1.5.0/pico-sdk/src/rp2_common/pico_stdio/stdio.c.obj
 *fill*         0x100084ef        0x1 
 .rodata.crlf_str.2
                0x100084f0        0x2 CMakeFiles/pwm_irq_uart.dir/C_/Users/taekg/OneDrive/Documents/Pico-v1.5.0/pico-sdk/src/rp2_common/pico_stdio/stdio.c.obj
 *fill*         0x100084f2        0x2 
 .rodata.__func__.3
                0x100084f4       0x15 CMakeFiles/pwm_irq_uart.dir/C_/Users/taekg/OneDrive/Documents/Pico-v1.5.0/pico-sdk/src/rp2_common/pico_stdio/stdio.c.obj
 *fill*         0x10008509        0x3 
 .rodata.str1.4
                0x1000850c       0x2c CMakeFiles/pwm_irq_uart.dir/C_/Users/taekg/OneDrive/Documents/Pico-v1.5.0/pico-sdk/src/rp2_common/pico_stdio_uart/stdio_uart.c.obj
 .rodata.__bi_33.4
                0x10008538        0xc CMakeFiles/pwm_irq_uart.dir/C_/Users/taekg/OneDrive/Documents/Pico-v1.5.0/pico-sdk/src/rp2_common/pico_stdio_uart/stdio_uart.c.obj
 .rodata.__bi_34.5
                0x10008544        0x8 CMakeFiles/pwm_irq_uart.dir/C_/Users/taekg/OneDrive/Documents/Pico-v1.5.0/pico-sdk/src/rp2_common/pico_stdio_uart/stdio_uart.c.obj
 .rodata._resetd_driver
                0x1000854c       0x18 CMakeFiles/pwm_irq_uart.dir/C_/Users/taekg/OneDrive/Documents/Pico-v1.5.0/pico-sdk/src/rp2_common/pico_stdio_usb/reset_interface.c.obj
 .rodata.update_us_since_boot.str1.4
                0x10008564       0x7d CMakeFiles/pwm_irq_uart.dir/C_/Users/taekg/OneDrive/Documents/Pico-v1.5.0/pico-sdk/src/rp2_common/pico_stdio_usb/stdio_usb.c.obj
 .rodata.stdio_usb_init.str1.4
                0x10008564       0x61 CMakeFiles/pwm_irq_uart.dir/C_/Users/taekg/OneDrive/Documents/Pico-v1.5.0/pico-sdk/src/rp2_common/pico_stdio_usb/stdio_usb.c.obj
                                 0x69 (size before relaxing)
 *fill*         0x100085c5        0x3 
 .rodata.str1.4
                0x100085c8       0x13 CMakeFiles/pwm_irq_uart.dir/C_/Users/taekg/OneDrive/Documents/Pico-v1.5.0/pico-sdk/src/rp2_common/pico_stdio_usb/stdio_usb.c.obj
 *fill*         0x100085db        0x1 
 .rodata.__bi_188.0
                0x100085dc        0xc CMakeFiles/pwm_irq_uart.dir/C_/Users/taekg/OneDrive/Documents/Pico-v1.5.0/pico-sdk/src/rp2_common/pico_stdio_usb/stdio_usb.c.obj
 .rodata.__func__.1
                0x100085e8        0xf CMakeFiles/pwm_irq_uart.dir/C_/Users/taekg/OneDrive/Documents/Pico-v1.5.0/pico-sdk/src/rp2_common/pico_stdio_usb/stdio_usb.c.obj
 *fill*         0x100085f7        0x1 
 .rodata.__func__.3
                0x100085f8       0x15 CMakeFiles/pwm_irq_uart.dir/C_/Users/taekg/OneDrive/Documents/Pico-v1.5.0/pico-sdk/src/rp2_common/pico_stdio_usb/stdio_usb.c.obj
 *fill*         0x1000860d        0x3 
 .rodata.str1.4
                0x10008610       0x2a CMakeFiles/pwm_irq_uart.dir/C_/Users/taekg/OneDrive/Documents/Pico-v1.5.0/pico-sdk/src/rp2_common/pico_stdio_usb/stdio_usb_descriptors.c.obj
 *fill*         0x1000863a        0x2 
 .rodata.usbd_desc_str
                0x1000863c       0x18 CMakeFiles/pwm_irq_uart.dir/C_/Users/taekg/OneDrive/Documents/Pico-v1.5.0/pico-sdk/src/rp2_common/pico_stdio_usb/stdio_usb_descriptors.c.obj
 .rodata.usbd_desc_cfg